{
 "cluster_params": {
  "name": "test params",
  "uuid": "0194FDC2-FA2F-FCC0-41D3-FF12045B73C8",
  "version": "v1.0.0",
  "num_validators": 2,
  "threshold": 3,
  "fee_recipient_address": "0x0194fdc2fa2ffcc041d3ff12045b73c86e4ff95f",
  "withdrawal_address": "0xfb180daf48a79ee0b10d394651850fd4a178892e",
  "dkg_algorithm": "default",
  "fork_version": "0x00000002",
  "operators": [
   {
    "address": "0xe2d3d0d0de6bf8f9b44ce85ff044c6b1f83b8e88",
    "enr": "enr://32f3a8aeb79ef856f659c18f0dcecc77c75e7a81bfde275f67cfe242cf3cc354",
    "nonce": 0,
    "enr_signature": "8+3i1r7MTqOuXohSap9KV4vLnvLUplMUdo1tKZdh6p4="
   },
   {
    "address": "0x4f5aa6aec3fc78c6aae081ac8120c720efcd6cea",
    "enr": "enr://cdd01d75045c3f000f8a796bce6c512c3801aacaeedfad5b506664e8c0e4a771",
    "nonce": 1,
    "enr_signature": "7OC4t8GWXZGBJRt8nJylIFr8FqI2ou/N0tEtKnnQdKg="
   }
  ],
  "operator_signatures": null,
  "params_hash": "/PmnRxcUwujNlI+8EgtN9hXwZgTDOyKYlTM3d8qNrrE="
 },
 "distributed_validators": [
  {
   "distributed_public_key": "0xa2d7239c40b45ac3950d941fc4fe1c0cb96ad322",
   "threshold_verifiers": [
    "bbXBREw6NNMqXEp/++jRgfftO4z+kE+T+PBtKbzZ7YQ=",
    "exguBGQQ9EvEsPPwOg0Gggow8lf4EUEwZ4rARYbB48k="
   ]
  },
  {
   "distributed_public_key": "0x342c8b8055c466d886441d259906d69acd894b96",
   "threshold_verifiers": [
    "vogVAbfZhGtm6wK1flzae2y6aJHWFr1obDe4NGE6yLo=",
    "oiwAj/5og1JzSuTj8SF6zV+DJwgUMBhntdBnEbI4ABw="
   ]
  }
 ],
 "signature_aggregate": "KArpQ56w1q7KCCOuAtZ9hmrCxP5KclBT2hGbnU9RUUA=",
 "lock_hash": "t8NjcXqWEHFbUSCcVZPIuhe2U28Ix0VP56SV0D2peRM="
}