cluster_definition:
  name: test definition
  operators:
  - address: "0xe2d3d0d0de6bf8f9b44ce85ff044c6b1f83b8e88"
    enr: enr://32f3a8aeb79ef856f659c18f0dcecc77c75e7a81bfde275f67cfe242cf3cc354
    nonce: 0
    config_signature: 8+3i1r7MTqOuXohSap9KV4vLnvLUplMUdo1tKZdh6p4=
    enr_signature: T1qmrsP8eMaq4IGsgSDHIO/NbOqEtpJeYHvgY3Fvlt0=
  - address: "0xcdd01d75045c3f000f8a796bce6c512c3801aaca"
    enr: enr://ece0b8b7c1965d9181251b7c9c9ca5205afc16a236a2efcdd2d12d2a79d074a8
    nonce: 1
    config_signature: KArpQ56w1q7KCCOuAtZ9hmrCxP5KclBT2hGbnU9RUUA=
    enr_signature: otcjnEC0WsOVDZQfxP4cDLlq0yLWIoIpX7/hHiakMwc=
  uuid: 0194FDC2-FA2F-FCC0-41D3-FF12045B73C8
  version: v1.0.0
  num_validators: 2
  threshold: 3
  fee_recipient_address: "0x0194fdc2fa2ffcc041d3ff12045b73c86e4ff95f"
  withdrawal_address: "0xfb180daf48a79ee0b10d394651850fd4a178892e"
  dkg_algorithm: default
  fork_version: "0x00000002"
  config_hash: 3YJ5gLQR1PUwq0Ji/4PW0i5iGktnB6c+zSm1eV59RxY=
  definition_hash: 0rmEGF1DLXJPUkGbroJ5POco317zZhqO9n3q3MyjUHE=
distributed_validators:
- distributed_public_key: "0x7b182e046410f44bc4b0f3f03a0d06820a30f257"
  public_shares:
  - NCyLgFXEZtiGRB0lmQbWms2JS5aK6fDrnZZc5qRpPE4=
  - vogVAbfZhGtm6wK1flzae2y6aJHWFr1obDe4NGE6yLo=
- distributed_public_key: "0xa22c008ffe688352734ae4e3f1217acd5f832708"
  public_shares:
  - eVeydxnOPzGI3+V97r9vgllaEPe7ViygTVw9J5QpWMY=
  - 2zJiZwZJ87yX2aIxZzXt5oKl3+bxoBH7yYrQ++eQADw=
signature_aggregate: bbXBREw6NNMqXEp/++jRgfftO4z+kE+T+PBtKbzZ7YQ=
lock_hash: rHB4IF/epf4y5w8Uv5Uq447O+4DfyZm0adn95tSV0Qs=
