mutation: {
	parent: "\xeb\x9d\x18\xa4G\x84\x04]\x87\xf3\xc6|\xf2'F镯Z%6yQ\xba\xa2\xffl\xd4qă\xf1"
	type: "dv/node_approvals/v0.0.1"
	data: {
		[type.googleapis.com/cluster.manifestpb.v1.SignedMutationList]: {
			mutations: {
				mutation: {
					parent: "\xeb\x9d\x18\xa4G\x84\x04]\x87\xf3\xc6|\xf2'F镯Z%6yQ\xba\xa2\xffl\xd4qă\xf1"
					type: "dv/node_approval/v0.0.1"
					data: {
						[type.googleapis.com/google.protobuf.Timestamp]: {
							seconds: 1609459200
						}
					}
				}
				signer: "\x02MKl\xd16\x102ʛҮ\xb9\xd9\x00\xaaME\xd9\xea\xd8\n\xc9B3t\xc4Q\xa7%M\x07f"
				signature: "\xf87\xf8\x01\xb3bA\xc4\"\x12KF\xb2\x92X\xc5\xe7P\xb9\x10\xec1\x9f\x80QeEU$\xa7\x0e7T\x9d\xfa\xacEh\xcd\xe6/\xb7R\xb1\xe2\x98\xe5\x97\x10i\xebW:\x82\xcc\x01\x1a@\x0b\x0bM\xc15\x17"
			}
			mutations: {
				mutation: {
					parent: "\xeb\x9d\x18\xa4G\x84\x04]\x87\xf3\xc6|\xf2'F镯Z%6yQ\xba\xa2\xffl\xd4qă\xf1"
					type: "dv/node_approval/v0.0.1"
					data: {
						[type.googleapis.com/google.protobuf.Timestamp]: {
							seconds: 1609459260
						}
					}
				}
				signer: "\x02S\x1f\xe6\x06\x814P='#\x132'\xc8g\xac\x8f\xa6\xc8<S~\x9aD\xc3Ž\xbd\xcb\x1f\xe37"
				signature: ".\xaeu\xc1K\xf7೘\x01\xf5\xecül\x94\xc5\x0f\xabg\x7f\xf0\x9dh\xfe\xa5(\xe4d\xa2\x13}\x0cl\xf9G5\x9e\xa8\xb3I\x1f\xcf烻ފ2\x05\x14\x1b\xd2z`\x0fh\x04\x84k\x1a"
			}
			mutations: {
				mutation: {
					parent: "\xeb\x9d\x18\xa4G\x84\x04]\x87\xf3\xc6|\xf2'F镯Z%6yQ\xba\xa2\xffl\xd4qă\xf1"
					type: "dv/node_approval/v0.0.1"
					data: {
						[type.googleapis.com/google.protobuf.Timestamp]: {
							seconds: 1609459320
						}
					}
				}
				signer: "\x03F'y\xadJ\xad9QF\x14u\x1aq\x08_/\x10\xe1ǥ\x93\xe4\xe00ﵸr\x1c\xe5[\x0b"
				signature: "-\x06=̃\xd8e\xc4A\x8a\xec\xee\xc1\nY\xd3\x18\x9a \n&\x9c\xf6\x17\xbd\xff\x1e\xd1*\xfa\xd0%@#.yJ\xc9B\xa5-okg\x8e\x1ah\x1b\xb3\x05^wU\xbb\xd7iU\xa2\x9f!˸?\xc4"
			}
			mutations: {
				mutation: {
					parent: "\xeb\x9d\x18\xa4G\x84\x04]\x87\xf3\xc6|\xf2'F镯Z%6yQ\xba\xa2\xffl\xd4qă\xf1"
					type: "dv/node_approval/v0.0.1"
					data: {
						[type.googleapis.com/google.protobuf.Timestamp]: {
							seconds: 1609459380
						}
					}
				}
				signer: "\x03b\xc0\xa0F\xda\xcc\xe8m\xdd\x03C\xc6\xd3\xc7ǜ\"\x08\xba\r\x9c\x9c\xf2Jm\x04m!\xd2\x1f\x90\xf7"
				signature: "\x17\xc1\x12\xdd(ί\xbew\x91Z4_b\x1fJ\xa5\xa0\xccwJ\xa4\xb4k\x8eg\xfb\xb0ٮ\xc3\x153\xe9\xc9\xd6`\x16\xea\\\xa7\xa7\x1c\"@\xf7\x15\xf5\xb6\xf5\xcd8\xc0\x8euZ\xb5z\xd0Y\x80KO\x1b"
			}
		}
	}
}
