mutation: {
	parent: "\xeb\x9d\x18\xa4G\x84\x04]\x87\xf3\xc6|\xf2'F镯Z%6yQ\xba\xa2\xffl\xd4qă\xf1"
	type: "dv/node_approvals/v0.0.1"
	timestamp: {
		seconds: 1609459440
	}
	data: {
		[type.googleapis.com/cluster.manifestpb.v1.SignedMutationList]: {
			mutations: {
				mutation: {
					parent: "\xeb\x9d\x18\xa4G\x84\x04]\x87\xf3\xc6|\xf2'F镯Z%6yQ\xba\xa2\xffl\xd4qă\xf1"
					type: "dv/node_approval/v0.0.1"
					timestamp: {
						seconds: 1609459200
					}
					data: {
						[type.googleapis.com/cluster.manifestpb.v1.Empty]: {}
					}
				}
				signer: "\x02MKl\xd16\x102ʛҮ\xb9\xd9\x00\xaaME\xd9\xea\xd8\n\xc9B3t\xc4Q\xa7%M\x07f"
				signature: "</\x0c\xb7a\xed7\x82\x1e\x9b\xff\xd4F\xd7\xf1>#\x1b1\x19Ő\xd3-3O\xbc\xd5Qk\x0e\xdd<\xb7\xa3\x86\xab\xfa\xf6\xd6\x04\xd5ܐ\x1f\xf0\x8dD\xb0\x83\x06\x94\xd7Z\xf3\xbb\xa5U9Y\xb5\xae\xb2\x1c"
			}
			mutations: {
				mutation: {
					parent: "\xeb\x9d\x18\xa4G\x84\x04]\x87\xf3\xc6|\xf2'F镯Z%6yQ\xba\xa2\xffl\xd4qă\xf1"
					type: "dv/node_approval/v0.0.1"
					timestamp: {
						seconds: 1609459260
					}
					data: {
						[type.googleapis.com/cluster.manifestpb.v1.Empty]: {}
					}
				}
				signer: "\x02S\x1f\xe6\x06\x814P='#\x132'\xc8g\xac\x8f\xa6\xc8<S~\x9aD\xc3Ž\xbd\xcb\x1f\xe37"
				signature: "\xbf\x06.\xc0ܐ\xd8/4\xc1\xecQ\xb6.3\rl\x1d5\x16\x9e\x05\xde㞝\x14.\xfb\xe4\"lu2\xe15\x8aF\xa1tOSq\x95\xe3X\xf5\\t1\xd0\xd3\xd3\xe9)]xk\xef_\xee囔"
			}
			mutations: {
				mutation: {
					parent: "\xeb\x9d\x18\xa4G\x84\x04]\x87\xf3\xc6|\xf2'F镯Z%6yQ\xba\xa2\xffl\xd4qă\xf1"
					type: "dv/node_approval/v0.0.1"
					timestamp: {
						seconds: 1609459320
					}
					data: {
						[type.googleapis.com/cluster.manifestpb.v1.Empty]: {}
					}
				}
				signer: "\x03F'y\xadJ\xad9QF\x14u\x1aq\x08_/\x10\xe1ǥ\x93\xe4\xe00ﵸr\x1c\xe5[\x0b"
				signature: "\xf4\xd0ח\x9cwrR\xb0\xfd\xde\xf0\x12\x85E:\xf7\x0c\xbe\xb9\xaa\x91Ǣ\x8bX\xbe\xf3\xc0\x8b\x9c\xe3GZ$\xba2\xad\xd4\x03\xf1ۥI⚫a3\xa8\x18\xa4^L6\xae{\xe5\x1b\x8c\xc9JM\x1f"
			}
			mutations: {
				mutation: {
					parent: "\xeb\x9d\x18\xa4G\x84\x04]\x87\xf3\xc6|\xf2'F镯Z%6yQ\xba\xa2\xffl\xd4qă\xf1"
					type: "dv/node_approval/v0.0.1"
					timestamp: {
						seconds: 1609459380
					}
					data: {
						[type.googleapis.com/cluster.manifestpb.v1.Empty]: {}
					}
				}
				signer: "\x03b\xc0\xa0F\xda\xcc\xe8m\xdd\x03C\xc6\xd3\xc7ǜ\"\x08\xba\r\x9c\x9c\xf2Jm\x04m!\xd2\x1f\x90\xf7"
				signature: "\x99\x1e\x8c\x01\xa9\xbb\xa0\xe6\xda\xd6SD\x7f\xba\x18\xaa2\x83ì*F!Jf\x0e\xd1\xd8&\xe0\x06*\x1a\x19\x93\x13H\xaf\x8eʰi\xa6/(\xa2\xe2\xd3\xcdBx\x01\xd0\xfb\x91\x0c\xfa$\"-\x17\ri\xc0"
			}
		}
	}
}
