ts=00:00 level=warn caller=log/log_test.go:53 msg="err1: first" stacktrace="\tapp/log/log_test.go:48 .func1\n\tapp/log/log_test.go:136 .func1" 1=1 pretty="WARN            err1: first                              {\"1\": 1}\n"
ts=00:00 level=error caller=log/log_test.go:54 msg="err2: second: first" stacktrace="\tapp/log/log_test.go:48 .func1\n\tapp/log/log_test.go:136 .func1" 2=2 1=1 pretty="ERRO            err2: second: first                      {\"2\": 2, \"1\": 1}\n"
ts=00:00 level=error caller=log/log_test.go:55 msg="err3: third: second: first" stacktrace="\tapp/log/log_test.go:48 .func1\n\tapp/log/log_test.go:136 .func1" 3=3 2=2 1=1 pretty="ERRO            err3: third: second: first               {\"3\": 3, \"2\": 2, \"1\": 1}\n"
