{"level":"debug","ts":"00:00","caller":"log/log_test.go:28","msg":"msg1","ctx1":1,"topic":"topic","pretty":"\u001b[35mDEBG\u001b[0m \u001b[32mtopic     \u001b[0m msg1                                     {\"ctx1\": 1}\n"}
{"level":"info","ts":"00:00","caller":"log/log_test.go:29","msg":"msg2","ctx2":2,"topic":"topic","pretty":"\u001b[34mINFO\u001b[0m \u001b[32mtopic     \u001b[0m msg2                                     {\"ctx2\": 2}\n"}
