ts=00:00 level=debug caller=log/log_test.go:52 msg=msg1 ctx1=1 pretty="\u001b[35mDEBG\u001b[0m msg1                                     {\"ctx1\": 1}\n"
ts=00:00 level=info caller=log/log_test.go:53 msg=msg2 ctx2=2 wrap2=2 pretty="\u001b[34mINFO\u001b[0m msg2                                     {\"ctx2\": 2, \"wrap2\": 2}\n"
ts=00:00 level=warn caller=log/log_test.go:54 msg=msg3a wrap3=a wrap2=2 pretty="\u001b[33mWARN\u001b[0m msg3a                                    {\"wrap3\": \"a\", \"wrap2\": 2}\n"
ts=00:00 level=warn caller=log/log_test.go:55 msg=msg3b wrap3=b wrap2=2 pretty="\u001b[33mWARN\u001b[0m msg3b                                    {\"wrap3\": \"b\", \"wrap2\": 2}\n"
