{"level":"error","ts":"00:00","caller":"log/log_test.go:66","msg":"err1: EOF","stacktrace":"\tapp/log/log_test.go:66 .func1\n\tapp/log/log_test.go:137 .func1","pretty":"\u001b[31mERRO\u001b[0m \u001b[32m          \u001b[0m err1: EOF                               \n"}
{"level":"error","ts":"00:00","caller":"log/log_test.go:67","msg":"err2: wrap: EOF","stacktrace":"\tapp/log/log_test.go:63 .func1\n\tapp/log/log_test.go:137 .func1","pretty":"\u001b[31mERRO\u001b[0m \u001b[32m          \u001b[0m err2: wrap: EOF                         \n"}
