ts=00:00 level=error caller=log/log_test.go:78 msg="err1: EOF" stacktrace="\tapp/log/log_test.go:78 .func1\n\tapp/log/log_test.go:139 .func1" pretty="\u001b[31mERRO\u001b[0m err1: EOF                               \n"
ts=00:00 level=error caller=log/log_test.go:79 msg="err2: wrap: EOF" stacktrace="\tapp/log/log_test.go:75 .func1\n\tapp/log/log_test.go:139 .func1" pretty="\u001b[31mERRO\u001b[0m err2: wrap: EOF                         \n"
