ts=00:00 level=debug caller=log/log_test.go:40 msg=msg1 ctx1=1 topic=topic pretty="\u001b[35mDEBG\u001b[0m \u001b[32mtopic     \u001b[0m msg1                                     {\"ctx1\": 1}\n"
ts=00:00 level=info caller=log/log_test.go:41 msg=msg2 ctx2=2 topic=topic pretty="\u001b[34mINFO\u001b[0m \u001b[32mtopic     \u001b[0m msg2                                     {\"ctx2\": 2}\n"
