{"level":"error","ts":"00:00","caller":"log/log_test.go:65","msg":"err1: EOF","stacktrace":"\tapp/log/log_test.go:65 .func1\n\tapp/log/log_test.go:136 .func1","pretty":"\u001b[31mERRO\u001b[0m \u001b[32m          \u001b[0m err1: EOF                               \n"}
{"level":"error","ts":"00:00","caller":"log/log_test.go:66","msg":"err2: wrap: EOF","stacktrace":"\tapp/log/log_test.go:62 .func1\n\tapp/log/log_test.go:136 .func1","pretty":"\u001b[31mERRO\u001b[0m \u001b[32m          \u001b[0m err2: wrap: EOF                         \n"}
