{"level":"debug","ts":"00:00","caller":"log/log_test.go:40","msg":"msg1","ctx1":1,"pretty":"\u001b[35mDEBG\u001b[0m \u001b[32m          \u001b[0m msg1                                     {\"ctx1\": 1}\n"}
{"level":"info","ts":"00:00","caller":"log/log_test.go:41","msg":"msg2","ctx2":2,"wrap2":2,"pretty":"\u001b[34mINFO\u001b[0m \u001b[32m          \u001b[0m msg2                                     {\"ctx2\": 2, \"wrap2\": 2}\n"}
{"level":"warn","ts":"00:00","caller":"log/log_test.go:42","msg":"msg3a","wrap3":"a","wrap2":2,"pretty":"\u001b[33mWARN\u001b[0m \u001b[32m          \u001b[0m msg3a                                    {\"wrap3\": \"a\", \"wrap2\": 2}\n"}
{"level":"warn","ts":"00:00","caller":"log/log_test.go:43","msg":"msg3b","wrap3":"b","wrap2":2,"pretty":"\u001b[33mWARN\u001b[0m \u001b[32m          \u001b[0m msg3b                                    {\"wrap3\": \"b\", \"wrap2\": 2}\n"}
