ts=00:00 level=error caller=log/log_test.go:65 msg="err1: EOF" stacktrace="\tapp/log/log_test.go:65 .func1\n\tapp/log/log_test.go:136 .func1" pretty="ERRO            err1: EOF                               \n"
ts=00:00 level=error caller=log/log_test.go:66 msg="err2: wrap: EOF" stacktrace="\tapp/log/log_test.go:62 .func1\n\tapp/log/log_test.go:136 .func1" pretty="ERRO            err2: wrap: EOF                         \n"
