{"level":"warn","ts":"00:00","caller":"log/log_test.go:54","msg":"err1: first","stacktrace":"\tapp/log/log_test.go:49 .func1\n\tapp/log/log_test.go:137 .func1","1":1,"pretty":"\u001b[33mWARN\u001b[0m \u001b[32m          \u001b[0m err1: first                              {\"1\": 1}\n"}
{"level":"error","ts":"00:00","caller":"log/log_test.go:55","msg":"err2: second: first","stacktrace":"\tapp/log/log_test.go:49 .func1\n\tapp/log/log_test.go:137 .func1","2":2,"1":1,"pretty":"\u001b[31mERRO\u001b[0m \u001b[32m          \u001b[0m err2: second: first                      {\"2\": 2, \"1\": 1}\n"}
{"level":"error","ts":"00:00","caller":"log/log_test.go:56","msg":"err3: third: second: first","stacktrace":"\tapp/log/log_test.go:49 .func1\n\tapp/log/log_test.go:137 .func1","3":3,"2":2,"1":1,"pretty":"\u001b[31mERRO\u001b[0m \u001b[32m          \u001b[0m err3: third: second: first               {\"3\": 3, \"2\": 2, \"1\": 1}\n"}
