{"level":"info","ts":"00:00","caller":"log/log_test.go:104","msg":"expect1"}
{"level":"info","ts":"00:00","caller":"log/log_test.go:105","msg":"expect2"}
{"level":"info","ts":"00:00","caller":"log/log_test.go:106","msg":"expect3"}
{"level":"info","ts":"00:00","caller":"log/log_test.go:107","msg":"expect4"}
