{"level":"warn","ts":"00:00","caller":"log/log_test.go:54","msg":"err1: first","stacktrace":"\tapp/log/log_test.go:49 .func1\n\tapp/log/log_test.go:138 .func1","1":1}
{"level":"error","ts":"00:00","caller":"log/log_test.go:55","msg":"err2: second: first","stacktrace":"\tapp/log/log_test.go:49 .func1\n\tapp/log/log_test.go:138 .func1","2":2,"1":1}
{"level":"error","ts":"00:00","caller":"log/log_test.go:56","msg":"err3: third: second: first","stacktrace":"\tapp/log/log_test.go:49 .func1\n\tapp/log/log_test.go:138 .func1","3":3,"2":2,"1":1}
