[
 "node0",
 "node1",
 "node2",
 "node0/charon-enr-private-key",
 "node0/cluster-lock.json",
 "node0/deposit-data-0-32eth.json",
 "node0/validator_keys",
 "node1/charon-enr-private-key",
 "node1/cluster-lock.json",
 "node1/deposit-data-0-32eth.json",
 "node1/validator_keys",
 "node2/charon-enr-private-key",
 "node2/cluster-lock.json",
 "node2/deposit-data-0-32eth.json",
 "node2/validator_keys"
]