[
 "node0",
 "node1",
 "node2",
 "node3",
 "node0/charon-enr-private-key",
 "node0/cluster-lock.json",
 "node0/deposit-data-1eth.json",
 "node0/deposit-data-31eth.json",
 "node0/deposit-data.json",
 "node0/validator_keys",
 "node1/charon-enr-private-key",
 "node1/cluster-lock.json",
 "node1/deposit-data-1eth.json",
 "node1/deposit-data-31eth.json",
 "node1/deposit-data.json",
 "node1/validator_keys",
 "node2/charon-enr-private-key",
 "node2/cluster-lock.json",
 "node2/deposit-data-1eth.json",
 "node2/deposit-data-31eth.json",
 "node2/deposit-data.json",
 "node2/validator_keys",
 "node3/charon-enr-private-key",
 "node3/cluster-lock.json",
 "node3/deposit-data-1eth.json",
 "node3/deposit-data-31eth.json",
 "node3/deposit-data.json",
 "node3/validator_keys"
]