[
 "cluster-lock.json",
 "deposit-data.json",
 "node0",
 "node1",
 "node2",
 "node3",
 "node0/charon-enr-private-key",
 "node0/keystore-0.json",
 "node0/keystore-0.txt",
 "node1/charon-enr-private-key",
 "node1/keystore-0.json",
 "node1/keystore-0.txt",
 "node2/charon-enr-private-key",
 "node2/keystore-0.json",
 "node2/keystore-0.txt",
 "node3/charon-enr-private-key",
 "node3/keystore-0.json",
 "node3/keystore-0.txt"
]