[
 {
  "Title": "app/version: bump to v0.13 (#1641)",
  "Number": 1641,
  "Category": "misc",
  "Issue": 0
 },
 {
  "Title": "cmd: re-add previous relay address for backwards compatibility (#1639)",
  "Number": 1639,
  "Category": "refactor",
  "Issue": 0
 },
 {
  "Title": "cmd: update default relay address (#1636)",
  "Number": 1636,
  "Category": "refactor",
  "Issue": 0
 },
 {
  "Title": "cmd: add `keymanager-address` flag to create cluster command (#1622)",
  "Number": 1622,
  "Category": "feature",
  "Issue": 1503
 },
 {
  "Title": "eth2util/enr: port minimal implementation (#1627)",
  "Number": 1627,
  "Category": "feature",
  "Issue": 1608
 },
 {
  "Title": "eth2util/rlp: implement basic rlp encoding (#1624)",
  "Number": 1624,
  "Category": "feature",
  "Issue": 1608
 },
 {
  "Title": "dkg: fix error handling in TestSyncFlow (#1618)",
  "Number": 1618,
  "Category": "test",
  "Issue": 0
 },
 {
  "Title": "cmd: add `--definition-file` flag to create cluster command (#1615)",
  "Number": 1615,
  "Category": "feature",
  "Issue": 1490
 },
 {
  "Title": "core/scheduler: fix flapping test (#1619)",
  "Number": 1619,
  "Category": "test",
  "Issue": 0
 },
 {
  "Title": "core/scheduler: trim duties after 3 epochs (#1616)",
  "Number": 1616,
  "Category": "bug",
  "Issue": 0
 },
 {
  "Title": "app/eth2wrap: instrument custom endpoint latency (#1614)",
  "Number": 1614,
  "Category": "misc",
  "Issue": 0
 },
 {
  "Title": "cmd: rebrand bootnode to relay (#1610)",
  "Number": 1610,
  "Category": "refactor",
  "Issue": 1524
 },
 {
  "Title": "core/validatorapi: fix readyz issue (#1609)",
  "Number": 1609,
  "Category": "bug",
  "Issue": 1501
 },
 {
  "Title": "cmd: deprecate discv5 and release relay discovery (#1607)",
  "Number": 1607,
  "Category": "refactor",
  "Issue": 1606
 },
 {
  "Title": "p2p: relay discovery supports external ip and host (#1604)",
  "Number": 1604,
  "Category": "feature",
  "Issue": 1590
 },
 {
  "Title": "core/aggsigdb: fix flapping test (#1605)",
  "Number": 1605,
  "Category": "test",
  "Issue": 0
 },
 {
  "Title": "core/aggsigdb: delete expired duties and queries (#1598)",
  "Number": 1598,
  "Category": "feature",
  "Issue": 1582
 },
 {
  "Title": "cluster: revert partial definition (#1602)",
  "Number": 1602,
  "Category": "refactor",
  "Issue": 1591
 },
 {
  "Title": "core/validatorapi: refactor to 0-indexed (#1601)",
  "Number": 1601,
  "Category": "refactor",
  "Issue": 947
 },
 {
  "Title": "core/fetcher: add capella support to verify fee recipient for blinded blocks (#1600)",
  "Number": 1600,
  "Category": "refactor",
  "Issue": 1587
 },
 {
  "Title": "core/validatorapi: fix readyz issues in canary clusters (#1599)",
  "Number": 1599,
  "Category": "bug",
  "Issue": 1501
 },
 {
  "Title": "core/validatorapi: improve error (#1586)",
  "Number": 1586,
  "Category": "feature",
  "Issue": 947
 },
 {
  "Title": "app/monitoring: re-enable detect VC feature (#1597)",
  "Number": 1597,
  "Category": "feature",
  "Issue": 1501
 },
 {
  "Title": "core/scheduler: delete expired duties (#1596)",
  "Number": 1596,
  "Category": "feature",
  "Issue": 1584
 },
 {
  "Title": "core/dutydb: delete cancelled queries (#1595)",
  "Number": 1595,
  "Category": "bug",
  "Issue": 978
 },
 {
  "Title": "peerinfo: fix clock diff calculation (#1592)",
  "Number": 1592,
  "Category": "refactor",
  "Issue": 1494
 },
 {
  "Title": "testutil/validatormock: fix getSubcommittees bug (#1579)",
  "Number": 1579,
  "Category": "bug",
  "Issue": 0
 },
 {
  "Title": "core: add support for capella blocks (#1570)",
  "Number": 1570,
  "Category": "feature",
  "Issue": 1464
 },
 {
  "Title": "testutil/promrated: fix promrated dockerfile (#1575)",
  "Number": 1575,
  "Category": "bug",
  "Issue": 1540
 },
 {
  "Title": "testutil/promrated: add workflow and docker image for promrated (#1574)",
  "Number": 1574,
  "Category": "misc",
  "Issue": 1540
 },
 {
  "Title": "app: revert VC health statuses (#1571)",
  "Number": 1571,
  "Category": "bug",
  "Issue": 0
 },
 {
  "Title": "testutil/promrated: implement rated fetching and reporting (#1569)",
  "Number": 1569,
  "Category": "misc",
  "Issue": 1540
 },
 {
  "Title": "app/bootnode: fix missing cluster hash in metrics (#1568)",
  "Number": 1568,
  "Category": "bug",
  "Issue": 0
 },
 {
  "Title": "app/monitoringapi: detect all validators queried by VC (#1566)",
  "Number": 1566,
  "Category": "feature",
  "Issue": 1501
 },
 {
  "Title": "testutils/promrated: add prom query to collect pubkey to cluster information (#1562)",
  "Number": 1562,
  "Category": "misc",
  "Issue": 1540
 },
 {
  "Title": "cmd/bootnode: refactor metrics (#1564)",
  "Number": 1564,
  "Category": "refactor",
  "Issue": 0
 },
 {
  "Title": "app/log: increase loki batch send timeout to 10s (#1563)",
  "Number": 1563,
  "Category": "misc",
  "Issue": 0
 },
 {
  "Title": "testutil/promrated: add health listener and monitoring endpoint (#1553)",
  "Number": 1553,
  "Category": "misc",
  "Issue": 1540
 },
 {
  "Title": "p2p: add duration labels to receive errors (#1560)",
  "Number": 1560,
  "Category": "misc",
  "Issue": 0
 },
 {
  "Title": "cmd: require name in create cluster (#1559)",
  "Number": 1559,
  "Category": "refactor",
  "Issue": 0
 },
 {
  "Title": "core/consensus: improve logging (#1557)",
  "Number": 1557,
  "Category": "refactor",
  "Issue": 0
 },
 {
  "Title": "dkg/sync: add disconnect log to server (#1551)",
  "Number": 1551,
  "Category": "misc",
  "Issue": 0
 },
 {
  "Title": "core/consensus: fix wire compatibility (#1556)",
  "Number": 1556,
  "Category": "bug",
  "Issue": 1555
 },
 {
  "Title": "core/consensus: remove deprecated value fields (#1554)",
  "Number": 1554,
  "Category": "refactor",
  "Issue": 1555
 },
 {
  "Title": "app/eth2wrap: decrease synth block sizes (#1550)",
  "Number": 1550,
  "Category": "refactor",
  "Issue": 0
 },
 {
  "Title": "testutil/promrated: add initial basic looping and read in config (#1548)",
  "Number": 1548,
  "Category": "misc",
  "Issue": 1540
 },
 {
  "Title": "app: increase sniffed buffer even more (#1549)",
  "Number": 1549,
  "Category": "test",
  "Issue": 0
 },
 {
  "Title": "workflows: upload artefacts always (#1547)",
  "Number": 1547,
  "Category": "test",
  "Issue": 0
 },
 {
  "Title": "app: increase sniffed message buffer (#1546)",
  "Number": 1546,
  "Category": "refactor",
  "Issue": 0
 },
 {
  "Title": "p2p: instrument network throughput (#1545)",
  "Number": 1545,
  "Category": "feature",
  "Issue": 0
 },
 {
  "Title": "app/eth2wrap: use correct fee recipient in synthetic blocks (#1544)",
  "Number": 1544,
  "Category": "bug",
  "Issue": 1486
 },
 {
  "Title": "core/consensus: add histogram metric for consensus duration (#1526)",
  "Number": 1526,
  "Category": "feature",
  "Issue": 1247
 },
 {
  "Title": "cmd: redact address flag passwords (#1541)",
  "Number": 1541,
  "Category": "bug",
  "Issue": 0
 },
 {
  "Title": "app/eth2wrap: use validators at head for synthetic blocks (#1539)",
  "Number": 1539,
  "Category": "refactor",
  "Issue": 1486
 },
 {
  "Title": "cmd/bootnode: instrument peer connections (#1536)",
  "Number": 1536,
  "Category": "feature",
  "Issue": 1521
 },
 {
  "Title": "core/priority: fix flapping test (#1535)",
  "Number": 1535,
  "Category": "test",
  "Issue": 0
 },
 {
  "Title": "app/eth2wrap: query previous block for synthetic proposals (#1533)",
  "Number": 1533,
  "Category": "bug",
  "Issue": 1486
 },
 {
  "Title": "cmd/bootnode: enable prometheus (#1534)",
  "Number": 1534,
  "Category": "feature",
  "Issue": 1506
 },
 {
  "Title": "cmd: refactor charon create cluster output (#1532)",
  "Number": 1532,
  "Category": "refactor",
  "Issue": 1490
 },
 {
  "Title": "dkg: refactor dkg to reconnect to connecting phase (#1495)",
  "Number": 1495,
  "Category": "refactor",
  "Issue": 1475
 },
 {
  "Title": "testutil/validatormock: add context to validatormock httpGet (#1528)",
  "Number": 1528,
  "Category": "bug",
  "Issue": 1527
 },
 {
  "Title": "p2p: add option to disable port reuse (#1529)",
  "Number": 1529,
  "Category": "feature",
  "Issue": 0
 },
 {
  "Title": "app: fix failing teku exits (#1530)",
  "Number": 1530,
  "Category": "test",
  "Issue": 0
 },
 {
  "Title": "cluster: add partial definition verification (#1520)",
  "Number": 1520,
  "Category": "feature",
  "Issue": 1488
 },
 {
  "Title": "core/consensus: add QBFT decided round gauge (#1514)",
  "Number": 1514,
  "Category": "misc",
  "Issue": 0
 },
 {
  "Title": "cmd/bootnode: move bootnode to own package (#1512)",
  "Number": 1512,
  "Category": "refactor",
  "Issue": 1506
 },
 {
  "Title": "docs: add declartions section to go guidelines (#1513)",
  "Number": 1513,
  "Category": "docs",
  "Issue": 0
 },
 {
  "Title": "app: wire synthetic block proposals (#1499)",
  "Number": 1499,
  "Category": "feature",
  "Issue": 1486
 },
 {
  "Title": "testutil/trackpr: automate assigning pr to author (#1507)",
  "Number": 1507,
  "Category": "misc",
  "Issue": 0
 },
 {
  "Title": "core/qbft: include round when deduping (#1505)",
  "Number": 1505,
  "Category": "bug",
  "Issue": 1493
 },
 {
  "Title": "core/validatorapi: improve query param handling and errors (#1498)",
  "Number": 1498,
  "Category": "misc",
  "Issue": 0
 },
 {
  "Title": "app: fix flapping InfoSync test (#1508)",
  "Number": 1508,
  "Category": "test",
  "Issue": 0
 },
 {
  "Title": "log/loki: lazy loading of cluster labels (#1511)",
  "Number": 1511,
  "Category": "feature",
  "Issue": 1509
 },
 {
  "Title": "p2p: add alpha relay discovery feature (#1496)",
  "Number": 1496,
  "Category": "feature",
  "Issue": 712
 },
 {
  "Title": "app/eth2wrap: add synthetic blocks unit test (#1497)",
  "Number": 1497,
  "Category": "test",
  "Issue": 1486
 },
 {
  "Title": "scheduler: clear previous status when validator status changes (#1489)",
  "Number": 1489,
  "Category": "refactor",
  "Issue": 139
 },
 {
  "Title": "app/eth2wrap: support synthetic proposers (#1487)",
  "Number": 1487,
  "Category": "feature",
  "Issue": 1486
 },
 {
  "Title": "core/infosync: prioritise p2p  protocols (#1485)",
  "Number": 1485,
  "Category": "feature",
  "Issue": 1421
 },
 {
  "Title": "app/errors: add sentinel error without stacktrace (#1483)",
  "Number": 1483,
  "Category": "misc",
  "Issue": 0
 },
 {
  "Title": "github: update workflows to go1.19.3 (#1481)",
  "Number": 1481,
  "Category": "misc",
  "Issue": 1366
 },
 {
  "Title": "app/eth2wrap: handle block attestations 404 (#1482)",
  "Number": 1482,
  "Category": "bug",
  "Issue": 0
 },
 {
  "Title": "app/eth2wrap: fix block attestation request (#1480)",
  "Number": 1480,
  "Category": "bug",
  "Issue": 0
 },
 {
  "Title": "app/peerinfo: fix clock offset calculation (#1474)",
  "Number": 1474,
  "Category": "bug",
  "Issue": 1445
 },
 {
  "Title": "app: wire inclusion delay tracker (#1473)",
  "Number": 1473,
  "Category": "feature",
  "Issue": 1446
 },
 {
  "Title": "readme: mark attestation duty as completed for vouch (#1476)",
  "Number": 1476,
  "Category": "docs",
  "Issue": 0
 },
 {
  "Title": "core/tracker: implement inclusion delay tracker (#1468)",
  "Number": 1468,
  "Category": "feature",
  "Issue": 1254
 },
 {
  "Title": "testutil/compose: handle docker-compose build seperately (#1466)",
  "Number": 1466,
  "Category": "test",
  "Issue": 992
 },
 {
  "Title": "core/consensus: fix nil map panic (#1469)",
  "Number": 1469,
  "Category": "bug",
  "Issue": 0
 }
]