[
 "/p2p/anxious-dates/tcp/1234",
 "/p2p/anxious-dates/tcp/1234",
 "/ip4/127.0.0.1/udp/1234",
 "/ip4/127.0.0.1/udp/0",
 "/ip4/127.0.0.1/tcp/1234",
 "/ip4/127.0.0.1/tcp/1234",
 "/ip4/127.0.0.1/udp/1234/quic",
 "/ip4/127.0.0.1/udp/1234/quic-v1",
 "/ip4/127.0.0.1/udp/1234/quic/webtransport",
 "/ip4/127.0.0.1/udp/1234/quic/webtransport/certhash/u1QEQOFj2IjCsPJFfMAxmQxLGPw",
 "/ip4/127.0.0.1/udp/1234/quic/webtransport/certhash/u1QEQOFj2IjCsPJFfMAxmQxLGPw/certhash/uEiDDq4_xNyDorZBH3TlGazyJdOWSwvo4PUo5YHFMrvDE8g",
 "/ip4/127.0.0.1/p2p/anxious-dates",
 "/ip4/127.0.0.1/p2p/anxious-dates/tcp/1234",
 "/ip4/127.0.0.1/p2p/anxious-dates",
 "/ip4/127.0.0.1/p2p/anxious-dates/tcp/1234",
 "/ip4/127.0.0.1/p2p/anxious-dates",
 "/ip4/127.0.0.1/p2p/anxious-dates/tcp/1234",
 "/ip4/127.0.0.1/p2p/anxious-dates",
 "/ip4/127.0.0.1/p2p/anxious-dates/tcp/1234",
 "/unix/a/b/c/d/e",
 "/unix/stdio",
 "/ip4/1.2.3.4/tcp/80/unix/a/b/c/d/e/f",
 "/ip4/127.0.0.1/p2p/anxious-dates/tcp/1234/unix/stdio"
]