mutation: {
  parent: "\xeb\x9d\x18\xa4G\x84\x04]\x87\xf3\xc6|\xf2'F镯Z%6yQ\xba\xa2\xffl\xd4qă\xf1"
  type: "dv/node_approvals/v0.0.1"
  timestamp: {
    seconds: 1609459440
  }
  data: {
    [type.googleapis.com/cluster.statepb.v1.SignedMutationList]: {
      mutations: {
        mutation: {
          parent: "\xeb\x9d\x18\xa4G\x84\x04]\x87\xf3\xc6|\xf2'F镯Z%6yQ\xba\xa2\xffl\xd4qă\xf1"
          type: "dv/node_approval/v0.0.1"
          timestamp: {
            seconds: 1609459200
          }
          data: {
            [type.googleapis.com/cluster.statepb.v1.Empty]: {}
          }
        }
        signer: "\x02MKl\xd16\x102ʛҮ\xb9\xd9\x00\xaaME\xd9\xea\xd8\n\xc9B3t\xc4Q\xa7%M\x07f"
        signature: "?\xb5X\x863j\x0ef\\\x82V\x1e\xcc\xc2O\x17V\x1cN\xed\x8cc\xeb\xa2X\xeca\xc6-̸P\\\xe1e\xf5.\x13f\x89\x03bag\xa9\xb3\x1f\xc0\xf4\x9a\xda;&\xde\xc4\xf3>\xf9\x01Bg\x1c\x03\x88"
      }
      mutations: {
        mutation: {
          parent: "\xeb\x9d\x18\xa4G\x84\x04]\x87\xf3\xc6|\xf2'F镯Z%6yQ\xba\xa2\xffl\xd4qă\xf1"
          type: "dv/node_approval/v0.0.1"
          timestamp: {
            seconds: 1609459260
          }
          data: {
            [type.googleapis.com/cluster.statepb.v1.Empty]: {}
          }
        }
        signer: "\x02S\x1f\xe6\x06\x814P='#\x132'\xc8g\xac\x8f\xa6\xc8<S~\x9aD\xc3Ž\xbd\xcb\x1f\xe37"
        signature: "t\xbc\xe0\x10\x9b;\xfax\xed\x17e\xcb\x17Ҹ\xa5ջ\x05\x1b\x7f\xe8*\xb3\x1a\xa4(˞\xbd\xf5\x14.\x98\xa9=\xe4\xd0eV0\xaa\xad\xce}\x0f\xfb\xa3{\xc0K\xad\xb7\xc6MY\x1cb\x10\xbecU\xe9\x97"
      }
      mutations: {
        mutation: {
          parent: "\xeb\x9d\x18\xa4G\x84\x04]\x87\xf3\xc6|\xf2'F镯Z%6yQ\xba\xa2\xffl\xd4qă\xf1"
          type: "dv/node_approval/v0.0.1"
          timestamp: {
            seconds: 1609459320
          }
          data: {
            [type.googleapis.com/cluster.statepb.v1.Empty]: {}
          }
        }
        signer: "\x03F'y\xadJ\xad9QF\x14u\x1aq\x08_/\x10\xe1ǥ\x93\xe4\xe00ﵸr\x1c\xe5[\x0b"
        signature: "o\xb1\x1f\u0097\xcfr\xda\xee\xfe\xa4\x9d\x00\xbc\x12r\xec.\x08\xd0W\x93q\x8d\xcb\xe4\x87v\xd5|<z-H&\xf7%煊[\xac\x1f\x1f2\xff\x7f;\x02$\x94\x0ci]\x91f\xe7;b\x99z(]\xa9"
      }
      mutations: {
        mutation: {
          parent: "\xeb\x9d\x18\xa4G\x84\x04]\x87\xf3\xc6|\xf2'F镯Z%6yQ\xba\xa2\xffl\xd4qă\xf1"
          type: "dv/node_approval/v0.0.1"
          timestamp: {
            seconds: 1609459380
          }
          data: {
            [type.googleapis.com/cluster.statepb.v1.Empty]: {}
          }
        }
        signer: "\x03b\xc0\xa0F\xda\xcc\xe8m\xdd\x03C\xc6\xd3\xc7ǜ\"\x08\xba\r\x9c\x9c\xf2Jm\x04m!\xd2\x1f\x90\xf7"
        signature: "<v\xa4{>5\xa4\x92\x90\xa8D\x16\xfaP\x0f+_\x9d\xf4\xba+B\xf9 \xe7\x83\xf7k\xb7\xff\x19I+\xear\x96\xf3\x96\xf0\x8b&w\x91\x7f\x89\x0c\x8c\xc6T\xec=\x1d\xe3\x84\xcf\xd8f\x85\x85k\x01\x8a\xb8\xcc"
      }
    }
  }
}
