{
 "Hash": [
  9,
  126,
  101,
  174,
  86,
  146,
  244,
  191,
  92,
  109,
  106,
  214,
  96,
  154,
  150,
  104,
  29,
  119,
  11,
  29,
  192,
  90,
  197,
  115,
  93,
  23,
  84,
  169,
  19,
  11,
  151,
  149
 ],
 "Name": "test cluster",
 "Threshold": 3,
 "DKGAlgorithm": "frost",
 "ForkVersion": "AAAQIA==",
 "Operators": [
  {
   "address": "0x5050A4F4b3f9338C3472dcC01A87C76A144b3c9c",
   "enr": "enr:-HW4QIHPUOMb34YoizKGhz7nsDNQ7hCaiuwyscmeaOQ04awdH05gDnGrZhxDfzcfHssCDeB-esi99A2RoZia6UaYBCuAgmlkgnY0iXNlY3AyNTZrMaECTUts0TYQMsqb0q652QCqTUXZ6tgKyUIzdMRRpyVNB2Y"
  },
  {
   "address": "0x3325a78425F17a7E487Eb5666b2bFd93aBb06c70",
   "enr": "enr:-HW4QDztNDqgEPAgJoHkcF4LfXyjXUo1r_xYoNv48H0PFItwYx-OnviqgfHxEz51RDOGvUMiTpXyo0HBjK5ZZ8YxS9WAgmlkgnY0iXNlY3AyNTZrMaECUx_mBoE0UD0nIxMyJ8hnrI-myDxTfppEw8W9vcsf4zc"
  },
  {
   "address": "0xc48B812bB43401392c037381AcA934F4069C0517",
   "enr": "enr:-HW4QGSS-HN3zRfCJGISFmDT59Cpo-daC4U2vSjqPZWegHVSJklFsDs0f1fF_E7X4q8NUbR3bWDlX7IifsjQ_Xrm7QuAgmlkgnY0iXNlY3AyNTZrMaEDRid5rUqtOVFGFHUacQhfLxDhx6WT5OAw77W4chzlWws"
  },
  {
   "address": "0xd09Ad14080d4b257a819a4f579b8485Be88f086c",
   "enr": "enr:-HW4QGFxPElPQZLydQ9Ach--g-jHJ0N4LO6uuIvyfw-Tg2K_R-R6iMCfzGryG80gmdPQwz9asajtn3CF88-rpu38YoKAgmlkgnY0iXNlY3AyNTZrMaEDYsCgRtrM6G3dA0PG08fHnCIIug2cnPJKbQRtIdIfkPc"
  }
 ],
 "Validators": [
  {
   "public_key": "rP927AyFPjdtSaMLb7mq7FPSZfXRJI1dvQ8HSlpTewrCUkyIddUi4y24RHT1JJe+",
   "public_shares": [
    "o/7qMPoVwxBX+IVCQmNZcCgq5TchWj4lDa0I1DAkUlEcOV2WSL7IdxS08xV1ybZa",
    "jGQos/giCLZkat4ezJogvijy8mgbko+7/WXv7PtCgT98zB47z62eNhwp4z8S9ZyK",
    "oIzEm9TLSYwxafUsP9k5wW0Q0hITkgwoMmraGoV8Y+zt8PWWvtl1qL0JkNb/sHO0",
    "o/bOXu3OeLhgfLbY4/K6ILZ0Oq1z8CgQ2dB6yBYMwSyxpfafaFR6hcpvCLRC+g7I"
   ],
   "fee_recipient_address": "0x4c7215a3b539eb1e5849c6077dbb5722f5717a28",
   "withdrawal_address": "0x0b4b373970115e82ed6f4125c8fa7311e4d7defa",
   "builder_registration": {
    "message": {
     "fee_recipient": "THIVo7U56x5YScYHfbtXIvVxeig=",
     "gas_limit": 30000000,
     "timestamp": "2021-03-23T14:00:00Z",
     "pubkey": "rP927AyFPjdtSaMLb7mq7FPSZfXRJI1dvQ8HSlpTewrCUkyIddUi4y24RHT1JJe+"
    },
    "signature": "jd6Qil4ODOqpBD0EYJVMIBFP7vdMj37Cr1gpk8NDrrWABkOayVkb24CxJPTrorO3D/20Rg6+2MwpRhtn4I6DvUB1z3cL2n70xhBgLRzUW4WCI4bcE9SvXSStfQ7TFqO0"
   }
  },
  {
   "public_key": "h57NdITh1bPnCAaIFRgkjiLDAzxK35n0wyUpMhkbl7M0KEsA/KGRPk/TCpuwlLKb",
   "public_shares": [
    "qBanfbsZkCEA/7bpruxJkHoLu+FMHX2nX/u6irnJUFQVq6pJQaq00+JWT8spE9XY",
    "mOrr5uHyS7dXIzVd9cM3zRVCExMRAuWcF4LKnnXyt6MV2OxnhP0omOCw8Uz7w1X2",
    "tyo02DOfJtvPpoDKzQWbKEtxmkZWHKrYSgqpFHITnqmYYOA2pYjj+dfYHTTRGxgI",
    "gPGKN66VG8ZliyO3Qg5olypQcd9eCONh5MO/L8u/pa10zao8TGZdGcP7cDUfNDrb"
   ],
   "fee_recipient_address": "0x24abf7df866baa56038367ad6145de1ee8f4a8b0",
   "withdrawal_address": "0xb04883e56a156a8de563afa467d49dec6a40e9a1",
   "builder_registration": {
    "message": {
     "fee_recipient": "JKv334ZrqlYDg2etYUXeHuj0qLA=",
     "gas_limit": 30000000,
     "timestamp": "2021-03-23T14:00:00Z",
     "pubkey": "h57NdITh1bPnCAaIFRgkjiLDAzxK35n0wyUpMhkbl7M0KEsA/KGRPk/TCpuwlLKb"
    },
    "signature": "ilvJxbce3gRXptmwGZkuUcM6p4U3j/cJsyfGJbUZ7s0xOsp3KRJh34tVLYdR7LJ2Bann1upEE+Hn/aTolJw+0YM6un3iakoGzRX1HVdmnyQ5Whzmgy12jXlt4miSG8bS"
   }
  }
 ]
}