{
 "ComposeDir": "testdir",
 "CharonImageTag": "latest",
 "CharonEntrypoint": "",
 "CharonCommand": "[create,dkg]",
 "Nodes": [
  {
   "ImageTag": "",
   "Entrypoint": "",
   "Command": "",
   "EnvVars": [
    {
     "Key": "name",
     "Value": "compose"
    },
    {
     "Key": "num_validators",
     "Value": "1"
    },
    {
     "Key": "operator_enrs",
     "Value": "enr:-HW4QEp-BLhP30tqTGFbR9n2PdUKWP9qc0zphIRmn8_jpm4BYkgekztXQaPA_znRW8RvNYHo0pUwyPEwUGGeZu26XlKAgmlkgnY0iXNlY3AyNTZrMaEDG4TFVnsSZECZXT7VqroFZdceGDRgSBn_nBf16dXdB48,enr:-HW4QEp-BLhP30tqTGFbR9n2PdUKWP9qc0zphIRmn8_jpm4BYkgekztXQaPA_znRW8RvNYHo0pUwyPEwUGGeZu26XlKAgmlkgnY0iXNlY3AyNTZrMaEDG4TFVnsSZECZXT7VqroFZdceGDRgSBn_nBf16dXdB48,enr:-HW4QEp-BLhP30tqTGFbR9n2PdUKWP9qc0zphIRmn8_jpm4BYkgekztXQaPA_znRW8RvNYHo0pUwyPEwUGGeZu26XlKAgmlkgnY0iXNlY3AyNTZrMaEDG4TFVnsSZECZXT7VqroFZdceGDRgSBn_nBf16dXdB48,enr:-HW4QEp-BLhP30tqTGFbR9n2PdUKWP9qc0zphIRmn8_jpm4BYkgekztXQaPA_znRW8RvNYHo0pUwyPEwUGGeZu26XlKAgmlkgnY0iXNlY3AyNTZrMaEDG4TFVnsSZECZXT7VqroFZdceGDRgSBn_nBf16dXdB48"
    },
    {
     "Key": "threshold",
     "Value": "3"
    },
    {
     "Key": "withdrawal_addresses",
     "Value": "\"0x0000000000000000000000000000000000000000\""
    },
    {
     "Key": "fee-recipient_addresses",
     "Value": "\"0x0000000000000000000000000000000000000000\""
    },
    {
     "Key": "dkg_algorithm",
     "Value": "frost"
    },
    {
     "Key": "output_dir",
     "Value": "/compose"
    },
    {
     "Key": "network",
     "Value": "goerli"
    }
   ],
   "Ports": null
  }
 ],
 "VCs": null,
 "Relay": false,
 "Monitoring": false,
 "MonitoringPorts": false
}