version: "3.8"

x-node-base: &node-base
  image: obolnetwork/charon:latest
  command: [create,cluster]
  networks: [compose]
  volumes: [testdir:/compose]
  

services:
  node0:
    <<: *node-base
    
    environment:
      CHARON_NAME: compose-4-1
      CHARON_THRESHOLD: 3
      CHARON_NODES: 4
      CHARON_CLUSTER_DIR: /compose
      CHARON_SPLIT_EXISTING_KEYS: "false"
      CHARON_SPLIT_KEYS_DIR: 
      CHARON_NUM_VALIDATORS: 1
      CHARON_INSECURE_KEYS: "false"
      CHARON_WITHDRAWAL_ADDRESSES: "0x0000000000000000000000000000000000000000"
      CHARON_FEE_RECIPIENT_ADDRESSES: "0x0000000000000000000000000000000000000000"
      CHARON_NETWORK: goerli
    

networks:
  compose:
