{
 "ComposeDir": "testdir",
 "CharonImageTag": "latest",
 "CharonEntrypoint": "",
 "CharonCommand": "run",
 "Nodes": [
  {
   "ImageTag": "",
   "Entrypoint": "",
   "Command": "",
   "EnvVars": [
    {
     "Key": "private-key-file",
     "Value": "/compose/node0/charon-enr-private-key"
    },
    {
     "Key": "monitoring-address",
     "Value": "0.0.0.0:3620"
    },
    {
     "Key": "p2p-external-hostname",
     "Value": "node0"
    },
    {
     "Key": "p2p-tcp-address",
     "Value": "0.0.0.0:3610"
    },
    {
     "Key": "p2p-relays",
     "Value": "http://relay:3640/enr"
    },
    {
     "Key": "log-level",
     "Value": "debug"
    },
    {
     "Key": "log-color",
     "Value": "force"
    },
    {
     "Key": "feature-set",
     "Value": "alpha"
    },
    {
     "Key": "jaeger-service",
     "Value": "node0"
    },
    {
     "Key": "jaeger-address",
     "Value": "jaeger:6831"
    },
    {
     "Key": "lock-file",
     "Value": "/compose/node0/cluster-lock.json"
    },
    {
     "Key": "validator-api-address",
     "Value": "0.0.0.0:3600"
    },
    {
     "Key": "beacon-node-endpoints",
     "Value": ""
    },
    {
     "Key": "simnet-beacon_mock",
     "Value": "\"true\""
    },
    {
     "Key": "simnet-validator-mock",
     "Value": "\"false\""
    },
    {
     "Key": "simnet-slot-duration",
     "Value": "1s"
    },
    {
     "Key": "simnet-validator-keys-dir",
     "Value": "/compose/node0/validator_keys"
    },
    {
     "Key": "simnet-beacon-mock-fuzz",
     "Value": "\"false\""
    },
    {
     "Key": "loki-addresses",
     "Value": "http://loki:3100/loki/api/v1/push"
    },
    {
     "Key": "loki-service",
     "Value": "node0"
    },
    {
     "Key": "synthetic-block-proposals",
     "Value": "\"true\""
    },
    {
     "Key": "builder-api",
     "Value": "\"false\""
    }
   ],
   "Ports": [
    {
     "External": 3600,
     "Internal": 3600
    },
    {
     "External": 3610,
     "Internal": 3610
    },
    {
     "External": 3620,
     "Internal": 3620
    },
    {
     "External": 3630,
     "Internal": 3630
    }
   ]
  },
  {
   "ImageTag": "",
   "Entrypoint": "",
   "Command": "",
   "EnvVars": [
    {
     "Key": "private-key-file",
     "Value": "/compose/node1/charon-enr-private-key"
    },
    {
     "Key": "monitoring-address",
     "Value": "0.0.0.0:3620"
    },
    {
     "Key": "p2p-external-hostname",
     "Value": "node1"
    },
    {
     "Key": "p2p-tcp-address",
     "Value": "0.0.0.0:3610"
    },
    {
     "Key": "p2p-relays",
     "Value": "http://relay:3640/enr"
    },
    {
     "Key": "log-level",
     "Value": "debug"
    },
    {
     "Key": "log-color",
     "Value": "force"
    },
    {
     "Key": "feature-set",
     "Value": "alpha"
    },
    {
     "Key": "jaeger-service",
     "Value": "node1"
    },
    {
     "Key": "jaeger-address",
     "Value": "jaeger:6831"
    },
    {
     "Key": "lock-file",
     "Value": "/compose/node1/cluster-lock.json"
    },
    {
     "Key": "validator-api-address",
     "Value": "0.0.0.0:3600"
    },
    {
     "Key": "beacon-node-endpoints",
     "Value": ""
    },
    {
     "Key": "simnet-beacon_mock",
     "Value": "\"true\""
    },
    {
     "Key": "simnet-validator-mock",
     "Value": "\"false\""
    },
    {
     "Key": "simnet-slot-duration",
     "Value": "1s"
    },
    {
     "Key": "simnet-validator-keys-dir",
     "Value": "/compose/node1/validator_keys"
    },
    {
     "Key": "simnet-beacon-mock-fuzz",
     "Value": "\"false\""
    },
    {
     "Key": "loki-addresses",
     "Value": "http://loki:3100/loki/api/v1/push"
    },
    {
     "Key": "loki-service",
     "Value": "node1"
    },
    {
     "Key": "synthetic-block-proposals",
     "Value": "\"true\""
    },
    {
     "Key": "builder-api",
     "Value": "\"false\""
    }
   ],
   "Ports": [
    {
     "External": 13600,
     "Internal": 3600
    },
    {
     "External": 13610,
     "Internal": 3610
    },
    {
     "External": 13620,
     "Internal": 3620
    },
    {
     "External": 13630,
     "Internal": 3630
    }
   ]
  },
  {
   "ImageTag": "",
   "Entrypoint": "",
   "Command": "",
   "EnvVars": [
    {
     "Key": "private-key-file",
     "Value": "/compose/node2/charon-enr-private-key"
    },
    {
     "Key": "monitoring-address",
     "Value": "0.0.0.0:3620"
    },
    {
     "Key": "p2p-external-hostname",
     "Value": "node2"
    },
    {
     "Key": "p2p-tcp-address",
     "Value": "0.0.0.0:3610"
    },
    {
     "Key": "p2p-relays",
     "Value": "http://relay:3640/enr"
    },
    {
     "Key": "log-level",
     "Value": "debug"
    },
    {
     "Key": "log-color",
     "Value": "force"
    },
    {
     "Key": "feature-set",
     "Value": "alpha"
    },
    {
     "Key": "jaeger-service",
     "Value": "node2"
    },
    {
     "Key": "jaeger-address",
     "Value": "jaeger:6831"
    },
    {
     "Key": "lock-file",
     "Value": "/compose/node2/cluster-lock.json"
    },
    {
     "Key": "validator-api-address",
     "Value": "0.0.0.0:3600"
    },
    {
     "Key": "beacon-node-endpoints",
     "Value": ""
    },
    {
     "Key": "simnet-beacon_mock",
     "Value": "\"true\""
    },
    {
     "Key": "simnet-validator-mock",
     "Value": "\"true\""
    },
    {
     "Key": "simnet-slot-duration",
     "Value": "1s"
    },
    {
     "Key": "simnet-validator-keys-dir",
     "Value": "/compose/node2/validator_keys"
    },
    {
     "Key": "simnet-beacon-mock-fuzz",
     "Value": "\"false\""
    },
    {
     "Key": "loki-addresses",
     "Value": "http://loki:3100/loki/api/v1/push"
    },
    {
     "Key": "loki-service",
     "Value": "node2"
    },
    {
     "Key": "synthetic-block-proposals",
     "Value": "\"true\""
    },
    {
     "Key": "builder-api",
     "Value": "\"false\""
    }
   ],
   "Ports": [
    {
     "External": 23600,
     "Internal": 3600
    },
    {
     "External": 23610,
     "Internal": 3610
    },
    {
     "External": 23620,
     "Internal": 3620
    },
    {
     "External": 23630,
     "Internal": 3630
    }
   ]
  },
  {
   "ImageTag": "",
   "Entrypoint": "",
   "Command": "",
   "EnvVars": [
    {
     "Key": "private-key-file",
     "Value": "/compose/node3/charon-enr-private-key"
    },
    {
     "Key": "monitoring-address",
     "Value": "0.0.0.0:3620"
    },
    {
     "Key": "p2p-external-hostname",
     "Value": "node3"
    },
    {
     "Key": "p2p-tcp-address",
     "Value": "0.0.0.0:3610"
    },
    {
     "Key": "p2p-relays",
     "Value": "http://relay:3640/enr"
    },
    {
     "Key": "log-level",
     "Value": "debug"
    },
    {
     "Key": "log-color",
     "Value": "force"
    },
    {
     "Key": "feature-set",
     "Value": "alpha"
    },
    {
     "Key": "jaeger-service",
     "Value": "node3"
    },
    {
     "Key": "jaeger-address",
     "Value": "jaeger:6831"
    },
    {
     "Key": "lock-file",
     "Value": "/compose/node3/cluster-lock.json"
    },
    {
     "Key": "validator-api-address",
     "Value": "0.0.0.0:3600"
    },
    {
     "Key": "beacon-node-endpoints",
     "Value": ""
    },
    {
     "Key": "simnet-beacon_mock",
     "Value": "\"true\""
    },
    {
     "Key": "simnet-validator-mock",
     "Value": "\"false\""
    },
    {
     "Key": "simnet-slot-duration",
     "Value": "1s"
    },
    {
     "Key": "simnet-validator-keys-dir",
     "Value": "/compose/node3/validator_keys"
    },
    {
     "Key": "simnet-beacon-mock-fuzz",
     "Value": "\"false\""
    },
    {
     "Key": "loki-addresses",
     "Value": "http://loki:3100/loki/api/v1/push"
    },
    {
     "Key": "loki-service",
     "Value": "node3"
    },
    {
     "Key": "synthetic-block-proposals",
     "Value": "\"true\""
    },
    {
     "Key": "builder-api",
     "Value": "\"false\""
    }
   ],
   "Ports": [
    {
     "External": 33600,
     "Internal": 3600
    },
    {
     "External": 33610,
     "Internal": 3610
    },
    {
     "External": 33620,
     "Internal": 3620
    },
    {
     "External": 33630,
     "Internal": 3630
    }
   ]
  }
 ],
 "VCs": [
  {
   "Label": "teku",
   "Image": "consensys/teku:latest",
   "Build": "",
   "Command": "|\n      validator-client\n      --network=auto\n      --beacon-node-api-endpoint=\"http://node0:3600\"\n      --validator-keys=\"/compose/node0/validator_keys/keystore-0.json:/compose/node0/validator_keys/keystore-0.txt\"\n      --validator-keys=\"/compose/node0/validator_keys/keystore-1.json:/compose/node0/validator_keys/keystore-1.txt\"\n      --validators-proposer-default-fee-recipient=\"0x0000000000000000000000000000000000000000\"\n      --validators-proposer-blinded-blocks-enabled=false",
   "Ports": null
  },
  {
   "Label": "lighthouse",
   "Image": "",
   "Build": "lighthouse",
   "Command": "",
   "Ports": null
  },
  {
   "Label": "",
   "Image": "",
   "Build": "",
   "Command": "",
   "Ports": null
  },
  {
   "Label": "teku",
   "Image": "consensys/teku:latest",
   "Build": "",
   "Command": "|\n      validator-client\n      --network=auto\n      --beacon-node-api-endpoint=\"http://node3:3600\"\n      --validator-keys=\"/compose/node3/validator_keys/keystore-0.json:/compose/node3/validator_keys/keystore-0.txt\"\n      --validator-keys=\"/compose/node3/validator_keys/keystore-1.json:/compose/node3/validator_keys/keystore-1.txt\"\n      --validators-proposer-default-fee-recipient=\"0x0000000000000000000000000000000000000000\"\n      --validators-proposer-blinded-blocks-enabled=false",
   "Ports": null
  }
 ],
 "Relay": true,
 "Monitoring": true,
 "Alerting": true,
 "MonitoringPorts": true
}