{
 "version": "obol/charon/compose/1.0.0",
 "step": "new",
 "num_nodes": 4,
 "threshold": 3,
 "num_validators": 1,
 "image_tag": "latest",
 "build_local": false,
 "key_gen": "create",
 "split_keys_dir": "",
 "beacon_nodes": "mock",
 "external_relay": "",
 "validator_clients": [
  "teku",
  "lighthouse",
  "mock"
 ],
 "feature_set": "alpha",
 "disable_monitoring_ports": false,
 "insecure_keys": false,
 "slot_duration": 1000000000,
 "beacon-fuzz": false,
 "p2p-fuzz": false,
 "synthetic_block_proposals": true,
 "monitoring": true,
 "builder_api": false
}