version: "3.8"

x-node-base: &node-base
  image: ghcr.io/obolnetwork/charon:latest
  entrypoint: /usr/local/bin/charon
  command: dkg
  networks: [compose]
  volumes: [testdir:/compose]
  depends_on: [bootnode] 

# Requires: docker plugin install  grafana/loki-docker-driver:latest --alias loki --grant-all-permissions
x-logging: &logging
  logging:
  
    driver: json-file
  

services:
  node0:
    <<: *node-base
    <<: *logging
    
    environment:
      CHARON_PRIVATE_KEY_FILE: /compose/node0/charon-enr-private-key
      CHARON_MONITORING_ADDRESS: 0.0.0.0:3620
      CHARON_P2P_EXTERNAL_HOSTNAME: node0
      CHARON_P2P_TCP_ADDRESS: 0.0.0.0:3610
      CHARON_P2P_UDP_ADDRESS: 0.0.0.0:3630
      CHARON_P2P_BOOTNODES: http://bootnode:3640/enr
      CHARON_P2P_BOOTNODE_RELAY: "false"
      CHARON_LOG_LEVEL: debug
      CHARON_LOG_FORMAT: console
      CHARON_FEATURE_SET: alpha
      CHARON_DATA_DIR: /compose/node0
      CHARON_DEFINITION_FILE: /compose/cluster-definition.json
    
  node1:
    <<: *node-base
    <<: *logging
    
    environment:
      CHARON_PRIVATE_KEY_FILE: /compose/node1/charon-enr-private-key
      CHARON_MONITORING_ADDRESS: 0.0.0.0:3620
      CHARON_P2P_EXTERNAL_HOSTNAME: node1
      CHARON_P2P_TCP_ADDRESS: 0.0.0.0:3610
      CHARON_P2P_UDP_ADDRESS: 0.0.0.0:3630
      CHARON_P2P_BOOTNODES: http://bootnode:3640/enr
      CHARON_P2P_BOOTNODE_RELAY: "false"
      CHARON_LOG_LEVEL: debug
      CHARON_LOG_FORMAT: console
      CHARON_FEATURE_SET: alpha
      CHARON_DATA_DIR: /compose/node1
      CHARON_DEFINITION_FILE: /compose/cluster-definition.json
    
  node2:
    <<: *node-base
    <<: *logging
    
    environment:
      CHARON_PRIVATE_KEY_FILE: /compose/node2/charon-enr-private-key
      CHARON_MONITORING_ADDRESS: 0.0.0.0:3620
      CHARON_P2P_EXTERNAL_HOSTNAME: node2
      CHARON_P2P_TCP_ADDRESS: 0.0.0.0:3610
      CHARON_P2P_UDP_ADDRESS: 0.0.0.0:3630
      CHARON_P2P_BOOTNODES: http://bootnode:3640/enr
      CHARON_P2P_BOOTNODE_RELAY: "false"
      CHARON_LOG_LEVEL: debug
      CHARON_LOG_FORMAT: console
      CHARON_FEATURE_SET: alpha
      CHARON_DATA_DIR: /compose/node2
      CHARON_DEFINITION_FILE: /compose/cluster-definition.json
    
  node3:
    <<: *node-base
    <<: *logging
    
    environment:
      CHARON_PRIVATE_KEY_FILE: /compose/node3/charon-enr-private-key
      CHARON_MONITORING_ADDRESS: 0.0.0.0:3620
      CHARON_P2P_EXTERNAL_HOSTNAME: node3
      CHARON_P2P_TCP_ADDRESS: 0.0.0.0:3610
      CHARON_P2P_UDP_ADDRESS: 0.0.0.0:3630
      CHARON_P2P_BOOTNODES: http://bootnode:3640/enr
      CHARON_P2P_BOOTNODE_RELAY: "false"
      CHARON_LOG_LEVEL: debug
      CHARON_LOG_FORMAT: console
      CHARON_FEATURE_SET: alpha
      CHARON_DATA_DIR: /compose/node3
      CHARON_DEFINITION_FILE: /compose/cluster-definition.json
    
  bootnode:
    <<: *node-base
    <<: *logging
    command: bootnode
    depends_on: []
    environment:
      CHARON_BOOTNODE_HTTP_ADDRESS: 0.0.0.0:3640
      CHARON_DATA_DIR: /compose/bootnode
      CHARON_P2P_BOOTNODES: ""
      CHARON_P2P_EXTERNAL_HOSTNAME: bootnode
      CHARON_P2P_TCP_ADDRESS: 0.0.0.0:3610
      CHARON_P2P_UDP_ADDRESS: 0.0.0.0:3630
  

  


networks:
  compose:
