version: "3.8"

x-node-base: &node-base
  image: obolnetwork/charon:latest
  command: [create,dkg]
  networks: [compose]
  volumes: [testdir:/compose]
  

services:
  node0:
    <<: *node-base
    
    environment:
      CHARON_NAME: compose
      CHARON_NUM_VALIDATORS: 1
      CHARON_OPERATOR_ENRS: enr:-HW4QEp-BLhP30tqTGFbR9n2PdUKWP9qc0zphIRmn8_jpm4BYkgekztXQaPA_znRW8RvNYHo0pUwyPEwUGGeZu26XlKAgmlkgnY0iXNlY3AyNTZrMaEDG4TFVnsSZECZXT7VqroFZdceGDRgSBn_nBf16dXdB48,enr:-HW4QEp-BLhP30tqTGFbR9n2PdUKWP9qc0zphIRmn8_jpm4BYkgekztXQaPA_znRW8RvNYHo0pUwyPEwUGGeZu26XlKAgmlkgnY0iXNlY3AyNTZrMaEDG4TFVnsSZECZXT7VqroFZdceGDRgSBn_nBf16dXdB48,enr:-HW4QEp-BLhP30tqTGFbR9n2PdUKWP9qc0zphIRmn8_jpm4BYkgekztXQaPA_znRW8RvNYHo0pUwyPEwUGGeZu26XlKAgmlkgnY0iXNlY3AyNTZrMaEDG4TFVnsSZECZXT7VqroFZdceGDRgSBn_nBf16dXdB48,enr:-HW4QEp-BLhP30tqTGFbR9n2PdUKWP9qc0zphIRmn8_jpm4BYkgekztXQaPA_znRW8RvNYHo0pUwyPEwUGGeZu26XlKAgmlkgnY0iXNlY3AyNTZrMaEDG4TFVnsSZECZXT7VqroFZdceGDRgSBn_nBf16dXdB48
      CHARON_THRESHOLD: 3
      CHARON_WITHDRAWAL_ADDRESSES: "0x0000000000000000000000000000000000000000"
      CHARON_FEE_RECIPIENT_ADDRESSES: "0x0000000000000000000000000000000000000000"
      CHARON_DKG_ALGORITHM: frost
      CHARON_OUTPUT_DIR: /compose
      CHARON_NETWORK: goerli
    

networks:
  compose:
