version: "3.8"

x-node-base: &node-base
  image: obolnetwork/charon:latest
  command: not used
  networks: [compose]
  volumes: [testdir:/compose]
  depends_on: [relay]

services:
  node0:
    <<: *node-base
    entrypoint: sh
    command: [-c,'/usr/local/bin/charon dkg && sleep 2']
    
    environment:
      CHARON_PRIVATE_KEY_FILE: /compose/node0/charon-enr-private-key
      CHARON_MONITORING_ADDRESS: 0.0.0.0:3620
      CHARON_P2P_EXTERNAL_HOSTNAME: node0
      CHARON_P2P_TCP_ADDRESS: 0.0.0.0:3610
      CHARON_P2P_RELAYS: http://relay:3640/enr
      CHARON_LOG_LEVEL: debug
      CHARON_LOG_COLOR: force
      CHARON_FEATURE_SET: alpha
      CHARON_DATA_DIR: /compose/node0
      CHARON_DEFINITION_FILE: /compose/cluster-definition.json
      CHARON_INSECURE_KEYS: "false"
    
  node1:
    <<: *node-base
    entrypoint: sh
    command: [-c,'/usr/local/bin/charon dkg && sleep 2']
    
    environment:
      CHARON_PRIVATE_KEY_FILE: /compose/node1/charon-enr-private-key
      CHARON_MONITORING_ADDRESS: 0.0.0.0:3620
      CHARON_P2P_EXTERNAL_HOSTNAME: node1
      CHARON_P2P_TCP_ADDRESS: 0.0.0.0:3610
      CHARON_P2P_RELAYS: http://relay:3640/enr
      CHARON_LOG_LEVEL: debug
      CHARON_LOG_COLOR: force
      CHARON_FEATURE_SET: alpha
      CHARON_DATA_DIR: /compose/node1
      CHARON_DEFINITION_FILE: /compose/cluster-definition.json
      CHARON_INSECURE_KEYS: "false"
    
  node2:
    <<: *node-base
    entrypoint: sh
    command: [-c,'/usr/local/bin/charon dkg && sleep 2']
    
    environment:
      CHARON_PRIVATE_KEY_FILE: /compose/node2/charon-enr-private-key
      CHARON_MONITORING_ADDRESS: 0.0.0.0:3620
      CHARON_P2P_EXTERNAL_HOSTNAME: node2
      CHARON_P2P_TCP_ADDRESS: 0.0.0.0:3610
      CHARON_P2P_RELAYS: http://relay:3640/enr
      CHARON_LOG_LEVEL: debug
      CHARON_LOG_COLOR: force
      CHARON_FEATURE_SET: alpha
      CHARON_DATA_DIR: /compose/node2
      CHARON_DEFINITION_FILE: /compose/cluster-definition.json
      CHARON_INSECURE_KEYS: "false"
    
  node3:
    <<: *node-base
    entrypoint: sh
    command: [-c,'/usr/local/bin/charon dkg && sleep 2']
    
    environment:
      CHARON_PRIVATE_KEY_FILE: /compose/node3/charon-enr-private-key
      CHARON_MONITORING_ADDRESS: 0.0.0.0:3620
      CHARON_P2P_EXTERNAL_HOSTNAME: node3
      CHARON_P2P_TCP_ADDRESS: 0.0.0.0:3610
      CHARON_P2P_RELAYS: http://relay:3640/enr
      CHARON_LOG_LEVEL: debug
      CHARON_LOG_COLOR: force
      CHARON_FEATURE_SET: alpha
      CHARON_DATA_DIR: /compose/node3
      CHARON_DEFINITION_FILE: /compose/cluster-definition.json
      CHARON_INSECURE_KEYS: "false"
    
  relay:
    <<: *node-base
    command: relay
    depends_on: []
    environment:
      CHARON_HTTP_ADDRESS: 0.0.0.0:3640
      CHARON_MONITORING_ADDRESS: 0.0.0.0:3620
      CHARON_DATA_DIR: /compose/relay
      CHARON_P2P_RELAYS: ""
      CHARON_P2P_EXTERNAL_HOSTNAME: relay
      CHARON_P2P_TCP_ADDRESS: 0.0.0.0:3610
      CHARON_P2P_UDP_ADDRESS: 0.0.0.0:3630
      CHARON_P2P_ADVERTISE_PRIVATE_ADDRESSES: "true"
      CHARON_LOKI_ADDRESS: http://loki:3100/loki/api/v1/push
  

  

networks:
  compose:
