x-node-base: &node-base
  image: obolnetwork/charon:latest
  command: [create,dkg]
  networks: [compose]
  volumes: [testdir:/compose]
  

services:
  node0:
    <<: *node-base
    container_name: node0
    
    environment:
      CHARON_NAME: compose
      CHARON_NUM_VALIDATORS: 1
      CHARON_OPERATOR_ENRS: enr:-HW4QBw9borfkmpb5xeaTHMmfp7WAcdb7CH8bf24v6eAaijpfJhg5Q08WMxnJB6em5G8qz4qARuocKJk_wpw1meAILKAgmlkgnY0iXNlY3AyNTZrMaECuCIfkhjDeJcudF71FYmSoL9xBwxjvGAF877_5a4AB_U,enr:-HW4QBw9borfkmpb5xeaTHMmfp7WAcdb7CH8bf24v6eAaijpfJhg5Q08WMxnJB6em5G8qz4qARuocKJk_wpw1meAILKAgmlkgnY0iXNlY3AyNTZrMaECuCIfkhjDeJcudF71FYmSoL9xBwxjvGAF877_5a4AB_U,enr:-HW4QBw9borfkmpb5xeaTHMmfp7WAcdb7CH8bf24v6eAaijpfJhg5Q08WMxnJB6em5G8qz4qARuocKJk_wpw1meAILKAgmlkgnY0iXNlY3AyNTZrMaECuCIfkhjDeJcudF71FYmSoL9xBwxjvGAF877_5a4AB_U,enr:-HW4QBw9borfkmpb5xeaTHMmfp7WAcdb7CH8bf24v6eAaijpfJhg5Q08WMxnJB6em5G8qz4qARuocKJk_wpw1meAILKAgmlkgnY0iXNlY3AyNTZrMaECuCIfkhjDeJcudF71FYmSoL9xBwxjvGAF877_5a4AB_U
      CHARON_THRESHOLD: 3
      CHARON_WITHDRAWAL_ADDRESSES: "0x0000000000000000000000000000000000000000"
      CHARON_FEE_RECIPIENT_ADDRESSES: "0x0000000000000000000000000000000000000000"
      CHARON_DKG_ALGORITHM: frost
      CHARON_OUTPUT_DIR: /compose
      CHARON_NETWORK: goerli
    

  

networks:
  compose:
