version: obol/charon/compose/1.0.0
image_tag: latest
validator_clients:
- teku
- lighthouse
- mock
key_gen: create
beacon_node: mock
definition:
  name: compose
  operators:
  - address: ""
    enr: enr:-Ie4QO_2Hr_cSEDspVO3eY2kE6GObcL-F7ouWhwH8PIalvjrZqwTnGWRampMnWFQrE4-LE5EtVdiVn40fq8zdkacQLiAgmlkgnY0gmlwhH8AAAGJc2VjcDI1NmsxoQI9dJg9StMlwLpNijInaqLqMzVJKmBt7S2NOKZC-uPj5oN0Y3ABg3VkcAI=
    nonce: 0
    enr_signature: null
  - address: ""
    enr: enr:-Ie4QND0b1o5R2-iUhEcRkip-QY8l-xF67L1IC4sn3oRJEpYQYYNjDKCEEwUqBE9XwbUjNsI3rh_IoaFHYtf9UGDoKaAgmlkgnY0gmlwhH8AAAGJc2VjcDI1NmsxoQLOVPSAl78GlDurrLEzUEw-z669q19TmiWQ5wlmjJEoI4N0Y3ADg3VkcAQ=
    nonce: 0
    enr_signature: null
  - address: ""
    enr: enr:-Ie4QD3pENsSBFa2mNy9lntGWbyaB3PZqxQg6qfcRsibv2SGVZaUSIM0nH7Ger2Y5u4M5iITz48WUdfN4w8NGkTItSmAgmlkgnY0gmlwhH8AAAGJc2VjcDI1NmsxoQMIF0e-yqxgr5e_leu0Qql06t0gv1WRDg4S5Iaxe_loSIN0Y3AFg3VkcAY=
    nonce: 0
    enr_signature: null
  - address: ""
    enr: enr:-Ie4QChc9X-TUNf5Teo1M0ar00cYhSGcbR5ddMxW8z7Tnah4CbDUcjkdgp4JiB3n60UONJ4KNOXuo9StqebRql9yAhaAgmlkgnY0gmlwhH8AAAGJc2VjcDI1NmsxoQMwtBj_k3MB-Yjgz6Qexa5dPzPbVTD-39k3MhHXnQhc5YN0Y3AHg3VkcAg=
    nonce: 0
    enr_signature: null
  uuid: 3BEA6F5B-3AF6-DE03-7436-6C4719E43A1B
  version: v1.0.0
  num_validators: 1
  threshold: 3
  dkg_algorithm: default
  fork_version: "0x0000000"
  definition_hash: kHuiCBpi3oeTEMUQIf4lubbyH7d3BBcCsGjFuh4kaJM=
  operator_signatures: null
