{
 "ComposeDir": "testdir",
 "CharonImageTag": "latest",
 "CharonEntrypoint": "",
 "CharonCommand": "[create,dkg]",
 "Nodes": [
  {
   "ImageTag": "",
   "Entrypoint": "",
   "Command": "",
   "EnvVars": [
    {
     "Key": "name",
     "Value": "compose"
    },
    {
     "Key": "num_validators",
     "Value": "1"
    },
    {
     "Key": "operator_enrs",
     "Value": "enr:-HW4QE_bilJiV518riilxqJ_693Fazktmp3RzesUnI_Afmj_X2XdHCiCl2wA_aIGZ6s09C4Xwlvy3XrpWgraDRpAlJWAgmlkgnY0iXNlY3AyNTZrMaECrpLOdVOZPwRADGl2-M1FQK4Ha_ATHuyLNa4P-fxXepA,enr:-HW4QPOvMVGekmfeAxptCQbCYYr5QMlYup-ZS_gAYz_wOm9qG9ksaNjvof_3wBpllvykGLejBC-swxeUpe78CD08qgGAgmlkgnY0iXNlY3AyNTZrMaEDIheCZ71lkGjEE3N3JVB7Ltq_p0sDKIKo2suAY3juZgE,enr:-HW4QAaShI4w1S_iHMQvcJQjdCx-2gsAiMzX80YmuNjiuRr6bNsNpi-zocAp90e2xBNkmTwdewD8r3x9faDmPOOBreKAgmlkgnY0iXNlY3AyNTZrMaECPi-H0SbvQqwi0oTedhnSyHQ3GYoyiH7-3bTev9AWdH8,enr:-HW4QPkJBizA3XaIPav4FgDDWiIXaG4hSWEBrzwUdDmSX6pMODSdvWGczb_CoxzjOWg8628SFRbQ6Pl_1dW-iplyNaaAgmlkgnY0iXNlY3AyNTZrMaECRj0E78ifB7XIuid-jkLGldFMK-RtjIzslAfrwDi5ctI"
    },
    {
     "Key": "threshold",
     "Value": "3"
    },
    {
     "Key": "withdrawal_address",
     "Value": "\"0x000000000000000000000000000000000000dead\""
    },
    {
     "Key": "dkg_algorithm",
     "Value": "frost"
    },
    {
     "Key": "output_dir",
     "Value": "/compose"
    }
   ],
   "Ports": null
  }
 ],
 "VCs": null,
 "Relay": false,
 "Monitoring": false,
 "MonitoringPorts": false
}