version: "3.8"

x-node-base: &node-base
  image: ghcr.io/obolnetwork/charon:latest
  entrypoint: echo
  command: No charon commands needed for keygen=create define step
  networks: [compose]
  volumes: [testdir:/compose]
  

# Requires: docker plugin install  grafana/loki-docker-driver:latest --alias loki --grant-all-permissions
x-logging: &logging
  logging:
  
    driver: json-file
  

services:
  node0:
    <<: *node-base
    <<: *logging
    

  


networks:
  compose:
