{
 "ComposeDir": "testdir",
 "CharonImageTag": "latest",
 "CharonEntrypoint": "",
 "CharonCommand": "[create,cluster]",
 "Nodes": [
  {
   "ImageTag": "",
   "Entrypoint": "",
   "Command": "",
   "EnvVars": [
    {
     "Key": "name",
     "Value": "compose-4-1"
    },
    {
     "Key": "threshold",
     "Value": "3"
    },
    {
     "Key": "nodes",
     "Value": "4"
    },
    {
     "Key": "cluster-dir",
     "Value": "/compose"
    },
    {
     "Key": "split-existing-keys",
     "Value": "\"false\""
    },
    {
     "Key": "split-keys-dir",
     "Value": ""
    },
    {
     "Key": "num-validators",
     "Value": "1"
    },
    {
     "Key": "insecure-keys",
     "Value": "\"false\""
    },
    {
     "Key": "withdrawal-addresses",
     "Value": "\"0x0000000000000000000000000000000000000000\""
    },
    {
     "Key": "fee-recipient-addresses",
     "Value": "\"0x0000000000000000000000000000000000000000\""
    },
    {
     "Key": "network",
     "Value": "goerli"
    }
   ],
   "Ports": null
  }
 ],
 "VCs": null,
 "Relay": false,
 "Monitoring": false,
 "MonitoringPorts": false
}