{
 "ComposeDir": "testdir",
 "CharonImageTag": "latest",
 "CharonEntrypoint": "/usr/local/bin/charon",
 "CharonCommand": "[create,cluster]",
 "Nodes": [
  {
   "ImageTag": "",
   "Entrypoint": "",
   "EnvVars": [
    {
     "Key": "threshold",
     "Value": "3"
    },
    {
     "Key": "nodes",
     "Value": "4"
    },
    {
     "Key": "cluster-dir",
     "Value": "/compose"
    },
    {
     "Key": "split-existing-keys",
     "Value": "\"false\""
    },
    {
     "Key": "split-keys-dir",
     "Value": ""
    },
    {
     "Key": "num-validators",
     "Value": "1"
    },
    {
     "Key": "insecure-keys",
     "Value": "\"false\""
    }
   ],
   "Ports": null
  }
 ],
 "VCs": null,
 "Bootnode": false,
 "Monitoring": false,
 "MonitoringPorts": false,
 "Loki": false
}