{
 "ComposeDir": "testdir",
 "CharonImageTag": "latest",
 "CharonEntrypoint": "/usr/local/bin/charon",
 "CharonCommand": "[create,dkg]",
 "Nodes": [
  {
   "ImageTag": "",
   "Entrypoint": "",
   "Command": "",
   "EnvVars": [
    {
     "Key": "name",
     "Value": "compose"
    },
    {
     "Key": "num_validators",
     "Value": "1"
    },
    {
     "Key": "operator_enrs",
     "Value": "enr:-HW4QMNo8q6cHeIVPW70BA6PZKjKwTKNIALmuE0tkvtAB8YgYzOYYaf8evsNo2Z1nnqPRiJAJp3-1i3shLchccqovCmAgmlkgnY0iXNlY3AyNTZrMaECvI5821Dg_9UqVPr5hNasj-XuaFbTil-KzZvTP8nH1Q0,enr:-HW4QLapDTfWBjHMlp9vDxruY9EpX5ge7mj2eoJIzF3MpCQsGZCijSrpIwwvScSeXYZaUVCHB6jslhpeAkmld98bIaeAgmlkgnY0iXNlY3AyNTZrMaEDvgAc30BRg0i-x1R4Edt-nBSP1_u4gwRu44W9JuqrYho,enr:-HW4QKeZL6y2zDBSW9qZEm_6fGxngRcjnphHXi11oc9jOwM-Mk4zlQvkXOmEO-MyoEx1faq__tw5IHusFCcpUe1I4OmAgmlkgnY0iXNlY3AyNTZrMaEDDKfNQzqLfx4Xh4rrGzIoEqJ8xyt7ltIVD9v-iI2O6LY,enr:-HW4QM9KwUl8Q087ov7hwG0znFw9j_r1ELPNj6B22mydDFqEAfMguMElEMz2EU6oyNsBHx85KVHULG0ygsD9VAOGG6KAgmlkgnY0iXNlY3AyNTZrMaEDY_KB9Hy4yXMn4PQGgP87_heal2fdjwmO-g6JcKiaPqg"
    },
    {
     "Key": "threshold",
     "Value": "3"
    },
    {
     "Key": "withdrawal_address",
     "Value": "\"0x000000000000000000000000000000000000dead\""
    },
    {
     "Key": "dkg_algorithm",
     "Value": "frost"
    },
    {
     "Key": "output_dir",
     "Value": "/compose"
    }
   ],
   "Ports": null
  }
 ],
 "VCs": null,
 "Relay": false,
 "Monitoring": false,
 "MonitoringPorts": false
}