x-node-base: &node-base
  image: obolnetwork/charon:latest
  command: run
  networks: [compose]
  volumes: [testdir:/compose]
  depends_on: [relay]

services:
  node0:
    <<: *node-base
    
    environment:
      CHARON_PRIVATE_KEY_FILE: /compose/node0/charon-enr-private-key
      CHARON_MONITORING_ADDRESS: 0.0.0.0:3620
      CHARON_P2P_EXTERNAL_HOSTNAME: node0
      CHARON_P2P_TCP_ADDRESS: 0.0.0.0:3610
      CHARON_P2P_RELAYS: http://relay:3640/enr
      CHARON_LOG_LEVEL: debug
      CHARON_LOG_COLOR: force
      CHARON_FEATURE_SET: alpha
      CHARON_OTLP_ADDRESS: tempo:4317
      CHARON_OTLP_SERVICE_NAME: node0
      CHARON_LOCK_FILE: /compose/node0/cluster-lock.json
      CHARON_VALIDATOR_API_ADDRESS: 0.0.0.0:3600
      CHARON_BEACON_NODE_ENDPOINTS: 
      CHARON_SIMNET_BEACON_MOCK: "true"
      CHARON_SIMNET_VALIDATOR_MOCK: "false"
      CHARON_SIMNET_SLOT_DURATION: 1s
      CHARON_SIMNET_VALIDATOR_KEYS_DIR: /compose/node0/validator_keys
      CHARON_SIMNET_BEACON_MOCK_FUZZ: "false"
      CHARON_LOKI_ADDRESSES: http://loki:3100/loki/api/v1/push
      CHARON_LOKI_SERVICE: node0
      CHARON_SYNTHETIC_BLOCK_PROPOSALS: "true"
      CHARON_BUILDER_API: "false"
    
    ports:
      - "3600:3600"
      
      - "3610:3610"
      
      - "3620:3620"
      
      - "3630:3630"
      
  node1:
    <<: *node-base
    
    environment:
      CHARON_PRIVATE_KEY_FILE: /compose/node1/charon-enr-private-key
      CHARON_MONITORING_ADDRESS: 0.0.0.0:3620
      CHARON_P2P_EXTERNAL_HOSTNAME: node1
      CHARON_P2P_TCP_ADDRESS: 0.0.0.0:3610
      CHARON_P2P_RELAYS: http://relay:3640/enr
      CHARON_LOG_LEVEL: debug
      CHARON_LOG_COLOR: force
      CHARON_FEATURE_SET: alpha
      CHARON_OTLP_ADDRESS: tempo:4317
      CHARON_OTLP_SERVICE_NAME: node1
      CHARON_LOCK_FILE: /compose/node1/cluster-lock.json
      CHARON_VALIDATOR_API_ADDRESS: 0.0.0.0:3600
      CHARON_BEACON_NODE_ENDPOINTS: 
      CHARON_SIMNET_BEACON_MOCK: "true"
      CHARON_SIMNET_VALIDATOR_MOCK: "false"
      CHARON_SIMNET_SLOT_DURATION: 1s
      CHARON_SIMNET_VALIDATOR_KEYS_DIR: /compose/node1/validator_keys
      CHARON_SIMNET_BEACON_MOCK_FUZZ: "false"
      CHARON_LOKI_ADDRESSES: http://loki:3100/loki/api/v1/push
      CHARON_LOKI_SERVICE: node1
      CHARON_SYNTHETIC_BLOCK_PROPOSALS: "true"
      CHARON_BUILDER_API: "false"
    
    ports:
      - "13600:3600"
      
      - "13610:3610"
      
      - "13620:3620"
      
      - "13630:3630"
      
  node2:
    <<: *node-base
    
    environment:
      CHARON_PRIVATE_KEY_FILE: /compose/node2/charon-enr-private-key
      CHARON_MONITORING_ADDRESS: 0.0.0.0:3620
      CHARON_P2P_EXTERNAL_HOSTNAME: node2
      CHARON_P2P_TCP_ADDRESS: 0.0.0.0:3610
      CHARON_P2P_RELAYS: http://relay:3640/enr
      CHARON_LOG_LEVEL: debug
      CHARON_LOG_COLOR: force
      CHARON_FEATURE_SET: alpha
      CHARON_OTLP_ADDRESS: tempo:4317
      CHARON_OTLP_SERVICE_NAME: node2
      CHARON_LOCK_FILE: /compose/node2/cluster-lock.json
      CHARON_VALIDATOR_API_ADDRESS: 0.0.0.0:3600
      CHARON_BEACON_NODE_ENDPOINTS: 
      CHARON_SIMNET_BEACON_MOCK: "true"
      CHARON_SIMNET_VALIDATOR_MOCK: "true"
      CHARON_SIMNET_SLOT_DURATION: 1s
      CHARON_SIMNET_VALIDATOR_KEYS_DIR: /compose/node2/validator_keys
      CHARON_SIMNET_BEACON_MOCK_FUZZ: "false"
      CHARON_LOKI_ADDRESSES: http://loki:3100/loki/api/v1/push
      CHARON_LOKI_SERVICE: node2
      CHARON_SYNTHETIC_BLOCK_PROPOSALS: "true"
      CHARON_BUILDER_API: "false"
    
    ports:
      - "23600:3600"
      
      - "23610:3610"
      
      - "23620:3620"
      
      - "23630:3630"
      
  node3:
    <<: *node-base
    
    environment:
      CHARON_PRIVATE_KEY_FILE: /compose/node3/charon-enr-private-key
      CHARON_MONITORING_ADDRESS: 0.0.0.0:3620
      CHARON_P2P_EXTERNAL_HOSTNAME: node3
      CHARON_P2P_TCP_ADDRESS: 0.0.0.0:3610
      CHARON_P2P_RELAYS: http://relay:3640/enr
      CHARON_LOG_LEVEL: debug
      CHARON_LOG_COLOR: force
      CHARON_FEATURE_SET: alpha
      CHARON_OTLP_ADDRESS: tempo:4317
      CHARON_OTLP_SERVICE_NAME: node3
      CHARON_LOCK_FILE: /compose/node3/cluster-lock.json
      CHARON_VALIDATOR_API_ADDRESS: 0.0.0.0:3600
      CHARON_BEACON_NODE_ENDPOINTS: 
      CHARON_SIMNET_BEACON_MOCK: "true"
      CHARON_SIMNET_VALIDATOR_MOCK: "false"
      CHARON_SIMNET_SLOT_DURATION: 1s
      CHARON_SIMNET_VALIDATOR_KEYS_DIR: /compose/node3/validator_keys
      CHARON_SIMNET_BEACON_MOCK_FUZZ: "false"
      CHARON_LOKI_ADDRESSES: http://loki:3100/loki/api/v1/push
      CHARON_LOKI_SERVICE: node3
      CHARON_SYNTHETIC_BLOCK_PROPOSALS: "true"
      CHARON_BUILDER_API: "false"
    
    ports:
      - "33600:3600"
      
      - "33610:3610"
      
      - "33620:3620"
      
      - "33630:3630"
      
  relay:
    <<: *node-base
    command: relay
    depends_on: []
    environment:
      CHARON_HTTP_ADDRESS: 0.0.0.0:3640
      CHARON_MONITORING_ADDRESS: 0.0.0.0:3620
      CHARON_DATA_DIR: /compose/relay
      CHARON_P2P_RELAYS: ""
      CHARON_P2P_EXTERNAL_HOSTNAME: relay
      CHARON_P2P_TCP_ADDRESS: 0.0.0.0:3610
      CHARON_P2P_UDP_ADDRESS: 0.0.0.0:3630
      CHARON_P2P_ADVERTISE_PRIVATE_ADDRESSES: "true"
      CHARON_LOKI_ADDRESS: http://loki:3100/loki/api/v1/push
  
  vc0-teku:
    image: consensys/teku:latest
    command: |
      validator-client
      --network=auto
      --beacon-node-api-endpoint="http://node0:3600"
      --validator-keys="/compose/node0/validator_keys/keystore-0.json:/compose/node0/validator_keys/keystore-0.txt"
      --validator-keys="/compose/node0/validator_keys/keystore-1.json:/compose/node0/validator_keys/keystore-1.txt"
      --validators-proposer-default-fee-recipient="0x0000000000000000000000000000000000000000"
      --validators-proposer-blinded-blocks-enabled=false
    networks: [compose]
    depends_on: [node0]
    environment:
      NODE: node0
    volumes:
      - .:/compose
  
  vc1-lighthouse:
    build: lighthouse
    networks: [compose]
    depends_on: [node1]
    environment:
      NODE: node1
    volumes:
      - .:/compose
  
  vc3-teku:
    image: consensys/teku:latest
    command: |
      validator-client
      --network=auto
      --beacon-node-api-endpoint="http://node3:3600"
      --validator-keys="/compose/node3/validator_keys/keystore-0.json:/compose/node3/validator_keys/keystore-0.txt"
      --validator-keys="/compose/node3/validator_keys/keystore-1.json:/compose/node3/validator_keys/keystore-1.txt"
      --validators-proposer-default-fee-recipient="0x0000000000000000000000000000000000000000"
      --validators-proposer-blinded-blocks-enabled=false
    networks: [compose]
    depends_on: [node3]
    environment:
      NODE: node3
    volumes:
      - .:/compose
  
  curl:
    # Can be used to curl services; e.g. docker compose exec curl curl http://prometheus:9090/api/v1/rules\?type\=alert
    image: curlimages/curl:latest
    command: sleep 1d
    networks: [compose]

  prometheus:
    image: prom/prometheus:${PROMETHEUS_VERSION:-v2.50.1}
    ports:
      - "9090:9090"
    networks: [compose]
    volumes:
      - ./prometheus/prometheus.yml:/etc/prometheus/prometheus.yml
      - ./prometheus/rules.yml:/etc/prometheus/rules.yml
  

  
  grafana:
    image: grafana/grafana:${GRAFANA_VERSION:-10.4.2}
    ports:
      - "3000:3000"
    networks: [compose]
    volumes:
      - ./grafana/datasource.yml:/etc/grafana/provisioning/datasources/datasource.yml
      - ./grafana/dashboards.yml:/etc/grafana/provisioning/dashboards/datasource.yml
      - ./grafana/notifiers.yml:/etc/grafana/provisioning/notifiers/notifiers.yml
      - ./grafana/grafana.ini:/etc/grafana/grafana.ini:ro
      - ./grafana/dash_charon_overview.json:/etc/dashboards/dash_charon_overview.json
      - ./grafana/dash_duty_details.json:/etc/dashboards/dash_duty_details.json
      - ./grafana/dash_alerts.json:/etc/dashboards/dash_alerts.json

  tempo:
    image: grafana/tempo:${TEMPO_VERSION:-2.7.1}
    networks: [compose]
    command: -config.file=/opt/tempo/tempo.yaml
    volumes:
      - ./tempo:/opt/tempo

  loki:
    image: grafana/loki:${LOKI_VERSION:-2.8.2}
    networks: [compose]
    user: ":"
    command: -config.file=/opt/loki/loki.yml
    volumes:
      - ./loki:/opt/loki
  

networks:
  compose:
