{
 "ComposeDir": "testdir",
 "CharonImageTag": "latest",
 "CharonEntrypoint": "",
 "CharonCommand": "not used",
 "Nodes": [
  {
   "ImageTag": "",
   "Entrypoint": "sh",
   "Command": "[-c,'/usr/local/bin/charon dkg \u0026\u0026 sleep 2']",
   "EnvVars": [
    {
     "Key": "private-key-file",
     "Value": "/compose/node0/charon-enr-private-key"
    },
    {
     "Key": "monitoring-address",
     "Value": "0.0.0.0:3620"
    },
    {
     "Key": "p2p-external-hostname",
     "Value": "node0"
    },
    {
     "Key": "p2p-tcp-address",
     "Value": "0.0.0.0:3610"
    },
    {
     "Key": "p2p-relays",
     "Value": "http://relay:3640/enr"
    },
    {
     "Key": "log-level",
     "Value": "debug"
    },
    {
     "Key": "log-color",
     "Value": "force"
    },
    {
     "Key": "feature-set",
     "Value": "alpha"
    },
    {
     "Key": "data-dir",
     "Value": "/compose/node0"
    },
    {
     "Key": "definition-file",
     "Value": "/compose/cluster-definition.json"
    },
    {
     "Key": "insecure-keys",
     "Value": "\"false\""
    }
   ],
   "Ports": null
  },
  {
   "ImageTag": "",
   "Entrypoint": "sh",
   "Command": "[-c,'/usr/local/bin/charon dkg \u0026\u0026 sleep 2']",
   "EnvVars": [
    {
     "Key": "private-key-file",
     "Value": "/compose/node1/charon-enr-private-key"
    },
    {
     "Key": "monitoring-address",
     "Value": "0.0.0.0:3620"
    },
    {
     "Key": "p2p-external-hostname",
     "Value": "node1"
    },
    {
     "Key": "p2p-tcp-address",
     "Value": "0.0.0.0:3610"
    },
    {
     "Key": "p2p-relays",
     "Value": "http://relay:3640/enr"
    },
    {
     "Key": "log-level",
     "Value": "debug"
    },
    {
     "Key": "log-color",
     "Value": "force"
    },
    {
     "Key": "feature-set",
     "Value": "alpha"
    },
    {
     "Key": "data-dir",
     "Value": "/compose/node1"
    },
    {
     "Key": "definition-file",
     "Value": "/compose/cluster-definition.json"
    },
    {
     "Key": "insecure-keys",
     "Value": "\"false\""
    }
   ],
   "Ports": null
  },
  {
   "ImageTag": "",
   "Entrypoint": "sh",
   "Command": "[-c,'/usr/local/bin/charon dkg \u0026\u0026 sleep 2']",
   "EnvVars": [
    {
     "Key": "private-key-file",
     "Value": "/compose/node2/charon-enr-private-key"
    },
    {
     "Key": "monitoring-address",
     "Value": "0.0.0.0:3620"
    },
    {
     "Key": "p2p-external-hostname",
     "Value": "node2"
    },
    {
     "Key": "p2p-tcp-address",
     "Value": "0.0.0.0:3610"
    },
    {
     "Key": "p2p-relays",
     "Value": "http://relay:3640/enr"
    },
    {
     "Key": "log-level",
     "Value": "debug"
    },
    {
     "Key": "log-color",
     "Value": "force"
    },
    {
     "Key": "feature-set",
     "Value": "alpha"
    },
    {
     "Key": "data-dir",
     "Value": "/compose/node2"
    },
    {
     "Key": "definition-file",
     "Value": "/compose/cluster-definition.json"
    },
    {
     "Key": "insecure-keys",
     "Value": "\"false\""
    }
   ],
   "Ports": null
  },
  {
   "ImageTag": "",
   "Entrypoint": "sh",
   "Command": "[-c,'/usr/local/bin/charon dkg \u0026\u0026 sleep 2']",
   "EnvVars": [
    {
     "Key": "private-key-file",
     "Value": "/compose/node3/charon-enr-private-key"
    },
    {
     "Key": "monitoring-address",
     "Value": "0.0.0.0:3620"
    },
    {
     "Key": "p2p-external-hostname",
     "Value": "node3"
    },
    {
     "Key": "p2p-tcp-address",
     "Value": "0.0.0.0:3610"
    },
    {
     "Key": "p2p-relays",
     "Value": "http://relay:3640/enr"
    },
    {
     "Key": "log-level",
     "Value": "debug"
    },
    {
     "Key": "log-color",
     "Value": "force"
    },
    {
     "Key": "feature-set",
     "Value": "alpha"
    },
    {
     "Key": "data-dir",
     "Value": "/compose/node3"
    },
    {
     "Key": "definition-file",
     "Value": "/compose/cluster-definition.json"
    },
    {
     "Key": "insecure-keys",
     "Value": "\"false\""
    }
   ],
   "Ports": null
  }
 ],
 "VCs": null,
 "Relay": true,
 "Monitoring": false,
 "MonitoringPorts": false
}